#
# There is insufficient memory for the Java Runtime Environment to continue.
# Native memory allocation (malloc) failed to allocate 1202016 bytes for Chunk::new
# Possible reasons:
#   The system is out of physical RAM or swap space
#   The process is running with CompressedOops enabled, and the Java Heap may be blocking the growth of the native heap
# Possible solutions:
#   Reduce memory load on the system
#   Increase physical memory or swap space
#   Check if swap backing store is full
#   Decrease Java heap size (-Xmx/-Xms)
#   Decrease number of Java threads
#   Decrease Java thread stack sizes (-Xss)
#   Set larger code cache with -XX:ReservedCodeCacheSize=
#   JVM is running with Unscaled Compressed Oops mode in which the Java heap is
#     placed in the first 4GB address space. The Java Heap base address is the
#     maximum limit for the native heap growth. Please use -XX:HeapBaseMinAddress
#     to set the Java Heap base and to place the Java Heap above 4GB virtual address.
# This output file may be truncated or incomplete.
#
#  Out of Memory Error (./open/src/hotspot/share/memory/arena.cpp:197), pid=4524, tid=2248
#
# JRE version: Java(TM) SE Runtime Environment 18.9 (11.0.16+11) (build 11.0.16+11-LTS-199)
# Java VM: Java HotSpot(TM) 64-Bit Server VM 18.9 (11.0.16+11-LTS-199, mixed mode, tiered, compressed oops, g1 gc, windows-amd64)
# No core dump will be written. Minidumps are not enabled by default on client versions of Windows
#

---------------  S U M M A R Y ------------

Command Line: -Dfile.encoding=UTF-8 com.rays.ProjectOrsApplication

Host: Intel(R) Core(TM) i5-8365U CPU @ 1.60GHz, 8 cores, 7G,  Windows 10 , 64 bit Build 19041 (10.0.19041.4957)
Time: Sun Sep 21 17:49:26 2025 India Standard Time elapsed time: 2.972110 seconds (0d 0h 0m 2s)

---------------  T H R E A D  ---------------

Current thread (0x000001a47f8ed000):  JavaThread "C2 CompilerThread2" daemon [_thread_in_native, id=2248, stack(0x0000000616a00000,0x0000000616b00000)]


Current CompileTask:
C2:   2972 2115   !   4       jdk.internal.loader.BuiltinClassLoader::loadClassOrNull (143 bytes)

Stack: [0x0000000616a00000,0x0000000616b00000]
Native frames: (J=compiled Java code, j=interpreted, Vv=VM code, C=native code)
V  [jvm.dll+0x62a3ea]
V  [jvm.dll+0x76418f]
V  [jvm.dll+0x765839]
V  [jvm.dll+0x765ec3]
V  [jvm.dll+0x23da98]
V  [jvm.dll+0xb2a1c]
V  [jvm.dll+0xb2fdc]
V  [jvm.dll+0x2ae814]
V  [jvm.dll+0x53d97b]
V  [jvm.dll+0x200877]
V  [jvm.dll+0x1fa5ba]
V  [jvm.dll+0x1f756d]
V  [jvm.dll+0x177c81]
V  [jvm.dll+0x207006]
V  [jvm.dll+0x20519b]
V  [jvm.dll+0x729fa0]
V  [jvm.dll+0x722b74]
V  [jvm.dll+0x629286]
C  [ucrtbase.dll+0x21bb2]
C  [KERNEL32.DLL+0x17374]
C  [ntdll.dll+0x4cc91]


---------------  P R O C E S S  ---------------

Threads class SMR info:
_java_thread_list=0x000001a404d25db0, length=15, elements={
0x000001a464faa800, 0x000001a47ef56800, 0x000001a47ef80000, 0x000001a47ef8d000,
0x000001a47ef8e000, 0x000001a47ef8f800, 0x000001a47ef97800, 0x000001a47f8ec000,
0x000001a47ef9a000, 0x000001a47fa6f000, 0x000001a47f8f1000, 0x000001a47f8ed000,
0x000001a404951000, 0x000001a47fbd7800, 0x000001a404d09800
}

Java Threads: ( => current thread )
  0x000001a464faa800 JavaThread "main" [_thread_blocked, id=12452, stack(0x0000000615800000,0x0000000615900000)]
  0x000001a47ef56800 JavaThread "Reference Handler" daemon [_thread_blocked, id=12284, stack(0x0000000615f00000,0x0000000616000000)]
  0x000001a47ef80000 JavaThread "Finalizer" daemon [_thread_blocked, id=12448, stack(0x0000000616000000,0x0000000616100000)]
  0x000001a47ef8d000 JavaThread "Signal Dispatcher" daemon [_thread_blocked, id=10352, stack(0x0000000616100000,0x0000000616200000)]
  0x000001a47ef8e000 JavaThread "Attach Listener" daemon [_thread_blocked, id=16000, stack(0x0000000616200000,0x0000000616300000)]
  0x000001a47ef8f800 JavaThread "Service Thread" daemon [_thread_blocked, id=3200, stack(0x0000000616300000,0x0000000616400000)]
  0x000001a47ef97800 JavaThread "C2 CompilerThread0" daemon [_thread_in_native, id=2932, stack(0x0000000616400000,0x0000000616500000)]
  0x000001a47f8ec000 JavaThread "C1 CompilerThread0" daemon [_thread_blocked, id=11320, stack(0x0000000616500000,0x0000000616600000)]
  0x000001a47ef9a000 JavaThread "Sweeper thread" daemon [_thread_blocked, id=12536, stack(0x0000000616600000,0x0000000616700000)]
  0x000001a47fa6f000 JavaThread "Common-Cleaner" daemon [_thread_blocked, id=13800, stack(0x0000000616800000,0x0000000616900000)]
  0x000001a47f8f1000 JavaThread "C2 CompilerThread1" daemon [_thread_in_native, id=13408, stack(0x0000000616900000,0x0000000616a00000)]
=>0x000001a47f8ed000 JavaThread "C2 CompilerThread2" daemon [_thread_in_native, id=2248, stack(0x0000000616a00000,0x0000000616b00000)]
  0x000001a404951000 JavaThread "Thread-0" [_thread_blocked, id=15348, stack(0x0000000616b00000,0x0000000616c00000)]
  0x000001a47fbd7800 JavaThread "restartedMain" [_thread_in_native, id=2856, stack(0x0000000616f00000,0x0000000617000000)]
  0x000001a404d09800 JavaThread "background-preinit" [_thread_in_vm, id=18956, stack(0x0000000617000000,0x0000000617100000)]

Other Threads:
  0x000001a47ef53800 VMThread "VM Thread" [stack: 0x0000000615e00000,0x0000000615f00000] [id=17748]
  0x000001a47fa73000 WatcherThread [stack: 0x0000000616700000,0x0000000616800000] [id=17472]
  0x000001a464fbf800 GCTaskThread "GC Thread#0" [stack: 0x0000000615900000,0x0000000615a00000] [id=11752]
  0x000001a404d14000 GCTaskThread "GC Thread#1" [stack: 0x0000000616c00000,0x0000000616d00000] [id=15824]
  0x000001a404ad4800 GCTaskThread "GC Thread#2" [stack: 0x0000000616d00000,0x0000000616e00000] [id=12260]
  0x000001a4048f9800 GCTaskThread "GC Thread#3" [stack: 0x0000000616e00000,0x0000000616f00000] [id=3636]
  0x000001a40643a800 GCTaskThread "GC Thread#4" [stack: 0x0000000617100000,0x0000000617200000] [id=7432]
  0x000001a406385000 GCTaskThread "GC Thread#5" [stack: 0x0000000617200000,0x0000000617300000] [id=16624]
  0x000001a404ec7800 GCTaskThread "GC Thread#6" [stack: 0x0000000617300000,0x0000000617400000] [id=8552]
  0x000001a40638e800 GCTaskThread "GC Thread#7" [stack: 0x0000000617400000,0x0000000617500000] [id=18564]
  0x000001a464ff2000 ConcurrentGCThread "G1 Main Marker" [stack: 0x0000000615a00000,0x0000000615b00000] [id=12388]
  0x000001a464ff3800 ConcurrentGCThread "G1 Conc#0" [stack: 0x0000000615b00000,0x0000000615c00000] [id=2012]
  0x000001a404e5a800 ConcurrentGCThread "G1 Conc#1" [stack: 0x0000000617500000,0x0000000617600000] [id=4664]
  0x000001a46507e000 ConcurrentGCThread "G1 Refine#0" [stack: 0x0000000615c00000,0x0000000615d00000] [id=17856]
  0x000001a47edbc800 ConcurrentGCThread "G1 Young RemSet Sampling" [stack: 0x0000000615d00000,0x0000000615e00000] [id=12348]

Threads with active compile tasks:
C2 CompilerThread0     3024 2313   !   4       org.apache.tomcat.util.IntrospectionUtils::setProperty (884 bytes)
C2 CompilerThread1     3024 2197       4       org.springframework.asm.ClassReader::readCode (5085 bytes)
C2 CompilerThread2     3024 2115   !   4       jdk.internal.loader.BuiltinClassLoader::loadClassOrNull (143 bytes)

VM state:not at safepoint (normal execution)

VM Mutex/Monitor currently owned by a thread: None

Heap address: 0x0000000081e00000, size: 2018 MB, Compressed Oops mode: 32-bit
Narrow klass base: 0x0000000000000000, Narrow klass shift: 3
Compressed class space size: 1073741824 Address: 0x0000000100000000

Heap:
 garbage-first heap   total 131072K, used 19318K [0x0000000081e00000, 0x0000000100000000)
  region size 1024K, 13 young (13312K), 5 survivors (5120K)
 Metaspace       used 27034K, capacity 27573K, committed 27648K, reserved 1073152K
  class space    used 3103K, capacity 3315K, committed 3328K, reserved 1048576K
Heap Regions: E=young(eden), S=young(survivor), O=old, HS=humongous(starts), HC=humongous(continues), CS=collection set, F=free, A=archive, TAMS=top-at-mark-start (previous, next)
|   0|0x0000000081e00000, 0x0000000081f00000, 0x0000000081f00000|100%|HS|  |TAMS 0x0000000081f00000, 0x0000000081e00000| Complete 
|   1|0x0000000081f00000, 0x0000000082000000, 0x0000000082000000|100%| O|  |TAMS 0x0000000082000000, 0x0000000081f00000| Untracked 
|   2|0x0000000082000000, 0x0000000082100000, 0x0000000082100000|100%| O|  |TAMS 0x0000000082100000, 0x0000000082000000| Untracked 
|   3|0x0000000082100000, 0x0000000082200000, 0x0000000082200000|100%| O|  |TAMS 0x0000000082200000, 0x0000000082100000| Untracked 
|   4|0x0000000082200000, 0x0000000082300000, 0x0000000082300000|100%| O|  |TAMS 0x0000000082290600, 0x0000000082200000| Untracked 
|   5|0x0000000082300000, 0x0000000082400000, 0x0000000082400000|100%| O|  |TAMS 0x0000000082300000, 0x0000000082300000| Untracked 
|   6|0x0000000082400000, 0x0000000082500000, 0x0000000082500000|100%| O|  |TAMS 0x0000000082400000, 0x0000000082400000| Untracked 
|   7|0x0000000082500000, 0x0000000082595a00, 0x0000000082600000| 58%| O|  |TAMS 0x0000000082500000, 0x0000000082500000| Untracked 
|   8|0x0000000082600000, 0x0000000082600000, 0x0000000082700000|  0%| F|  |TAMS 0x0000000082600000, 0x0000000082600000| Untracked 
|   9|0x0000000082700000, 0x0000000082700000, 0x0000000082800000|  0%| F|  |TAMS 0x0000000082700000, 0x0000000082700000| Untracked 
|  10|0x0000000082800000, 0x0000000082800000, 0x0000000082900000|  0%| F|  |TAMS 0x0000000082800000, 0x0000000082800000| Untracked 
|  11|0x0000000082900000, 0x0000000082900000, 0x0000000082a00000|  0%| F|  |TAMS 0x0000000082900000, 0x0000000082900000| Untracked 
|  12|0x0000000082a00000, 0x0000000082a00000, 0x0000000082b00000|  0%| F|  |TAMS 0x0000000082a00000, 0x0000000082a00000| Untracked 
|  13|0x0000000082b00000, 0x0000000082b00000, 0x0000000082c00000|  0%| F|  |TAMS 0x0000000082b00000, 0x0000000082b00000| Untracked 
|  14|0x0000000082c00000, 0x0000000082c00000, 0x0000000082d00000|  0%| F|  |TAMS 0x0000000082c00000, 0x0000000082c00000| Untracked 
|  15|0x0000000082d00000, 0x0000000082d00000, 0x0000000082e00000|  0%| F|  |TAMS 0x0000000082d00000, 0x0000000082d00000| Untracked 
|  16|0x0000000082e00000, 0x0000000082e00000, 0x0000000082f00000|  0%| F|  |TAMS 0x0000000082e00000, 0x0000000082e00000| Untracked 
|  17|0x0000000082f00000, 0x0000000082f00000, 0x0000000083000000|  0%| F|  |TAMS 0x0000000082f00000, 0x0000000082f00000| Untracked 
|  18|0x0000000083000000, 0x0000000083000000, 0x0000000083100000|  0%| F|  |TAMS 0x0000000083000000, 0x0000000083000000| Untracked 
|  19|0x0000000083100000, 0x0000000083100000, 0x0000000083200000|  0%| F|  |TAMS 0x0000000083100000, 0x0000000083100000| Untracked 
|  20|0x0000000083200000, 0x0000000083200000, 0x0000000083300000|  0%| F|  |TAMS 0x0000000083200000, 0x0000000083200000| Untracked 
|  21|0x0000000083300000, 0x0000000083300000, 0x0000000083400000|  0%| F|  |TAMS 0x0000000083300000, 0x0000000083300000| Untracked 
|  22|0x0000000083400000, 0x0000000083400000, 0x0000000083500000|  0%| F|  |TAMS 0x0000000083400000, 0x0000000083400000| Untracked 
|  23|0x0000000083500000, 0x0000000083500000, 0x0000000083600000|  0%| F|  |TAMS 0x0000000083500000, 0x0000000083500000| Untracked 
|  24|0x0000000083600000, 0x0000000083600000, 0x0000000083700000|  0%| F|  |TAMS 0x0000000083600000, 0x0000000083600000| Untracked 
|  25|0x0000000083700000, 0x0000000083700000, 0x0000000083800000|  0%| F|  |TAMS 0x0000000083700000, 0x0000000083700000| Untracked 
|  26|0x0000000083800000, 0x0000000083800000, 0x0000000083900000|  0%| F|  |TAMS 0x0000000083800000, 0x0000000083800000| Untracked 
|  27|0x0000000083900000, 0x0000000083900000, 0x0000000083a00000|  0%| F|  |TAMS 0x0000000083900000, 0x0000000083900000| Untracked 
|  28|0x0000000083a00000, 0x0000000083a00000, 0x0000000083b00000|  0%| F|  |TAMS 0x0000000083a00000, 0x0000000083a00000| Untracked 
|  29|0x0000000083b00000, 0x0000000083b00000, 0x0000000083c00000|  0%| F|  |TAMS 0x0000000083b00000, 0x0000000083b00000| Untracked 
|  30|0x0000000083c00000, 0x0000000083c00000, 0x0000000083d00000|  0%| F|  |TAMS 0x0000000083c00000, 0x0000000083c00000| Untracked 
|  31|0x0000000083d00000, 0x0000000083d00000, 0x0000000083e00000|  0%| F|  |TAMS 0x0000000083d00000, 0x0000000083d00000| Untracked 
|  32|0x0000000083e00000, 0x0000000083e00000, 0x0000000083f00000|  0%| F|  |TAMS 0x0000000083e00000, 0x0000000083e00000| Untracked 
|  33|0x0000000083f00000, 0x0000000083f00000, 0x0000000084000000|  0%| F|  |TAMS 0x0000000083f00000, 0x0000000083f00000| Untracked 
|  34|0x0000000084000000, 0x0000000084000000, 0x0000000084100000|  0%| F|  |TAMS 0x0000000084000000, 0x0000000084000000| Untracked 
|  35|0x0000000084100000, 0x0000000084100000, 0x0000000084200000|  0%| F|  |TAMS 0x0000000084100000, 0x0000000084100000| Untracked 
|  36|0x0000000084200000, 0x0000000084200000, 0x0000000084300000|  0%| F|  |TAMS 0x0000000084200000, 0x0000000084200000| Untracked 
|  37|0x0000000084300000, 0x0000000084300000, 0x0000000084400000|  0%| F|  |TAMS 0x0000000084300000, 0x0000000084300000| Untracked 
|  38|0x0000000084400000, 0x0000000084400000, 0x0000000084500000|  0%| F|  |TAMS 0x0000000084400000, 0x0000000084400000| Untracked 
|  39|0x0000000084500000, 0x0000000084500000, 0x0000000084600000|  0%| F|  |TAMS 0x0000000084500000, 0x0000000084500000| Untracked 
|  40|0x0000000084600000, 0x0000000084600000, 0x0000000084700000|  0%| F|  |TAMS 0x0000000084600000, 0x0000000084600000| Untracked 
|  41|0x0000000084700000, 0x0000000084700000, 0x0000000084800000|  0%| F|  |TAMS 0x0000000084700000, 0x0000000084700000| Untracked 
|  42|0x0000000084800000, 0x0000000084800000, 0x0000000084900000|  0%| F|  |TAMS 0x0000000084800000, 0x0000000084800000| Untracked 
|  43|0x0000000084900000, 0x0000000084900000, 0x0000000084a00000|  0%| F|  |TAMS 0x0000000084900000, 0x0000000084900000| Untracked 
|  44|0x0000000084a00000, 0x0000000084a00000, 0x0000000084b00000|  0%| F|  |TAMS 0x0000000084a00000, 0x0000000084a00000| Untracked 
|  45|0x0000000084b00000, 0x0000000084b00000, 0x0000000084c00000|  0%| F|  |TAMS 0x0000000084b00000, 0x0000000084b00000| Untracked 
|  46|0x0000000084c00000, 0x0000000084c00000, 0x0000000084d00000|  0%| F|  |TAMS 0x0000000084c00000, 0x0000000084c00000| Untracked 
|  47|0x0000000084d00000, 0x0000000084d00000, 0x0000000084e00000|  0%| F|  |TAMS 0x0000000084d00000, 0x0000000084d00000| Untracked 
|  48|0x0000000084e00000, 0x0000000084e00000, 0x0000000084f00000|  0%| F|  |TAMS 0x0000000084e00000, 0x0000000084e00000| Untracked 
|  49|0x0000000084f00000, 0x0000000084f00000, 0x0000000085000000|  0%| F|  |TAMS 0x0000000084f00000, 0x0000000084f00000| Untracked 
|  50|0x0000000085000000, 0x0000000085000000, 0x0000000085100000|  0%| F|  |TAMS 0x0000000085000000, 0x0000000085000000| Untracked 
|  51|0x0000000085100000, 0x0000000085100000, 0x0000000085200000|  0%| F|  |TAMS 0x0000000085100000, 0x0000000085100000| Untracked 
|  52|0x0000000085200000, 0x0000000085200000, 0x0000000085300000|  0%| F|  |TAMS 0x0000000085200000, 0x0000000085200000| Untracked 
|  53|0x0000000085300000, 0x0000000085300000, 0x0000000085400000|  0%| F|  |TAMS 0x0000000085300000, 0x0000000085300000| Untracked 
|  54|0x0000000085400000, 0x0000000085400000, 0x0000000085500000|  0%| F|  |TAMS 0x0000000085400000, 0x0000000085400000| Untracked 
|  55|0x0000000085500000, 0x0000000085500000, 0x0000000085600000|  0%| F|  |TAMS 0x0000000085500000, 0x0000000085500000| Untracked 
|  56|0x0000000085600000, 0x0000000085600000, 0x0000000085700000|  0%| F|  |TAMS 0x0000000085600000, 0x0000000085600000| Untracked 
|  57|0x0000000085700000, 0x0000000085700000, 0x0000000085800000|  0%| F|  |TAMS 0x0000000085700000, 0x0000000085700000| Untracked 
|  58|0x0000000085800000, 0x0000000085800000, 0x0000000085900000|  0%| F|  |TAMS 0x0000000085800000, 0x0000000085800000| Untracked 
|  59|0x0000000085900000, 0x0000000085900000, 0x0000000085a00000|  0%| F|  |TAMS 0x0000000085900000, 0x0000000085900000| Untracked 
|  60|0x0000000085a00000, 0x0000000085a00000, 0x0000000085b00000|  0%| F|  |TAMS 0x0000000085a00000, 0x0000000085a00000| Untracked 
|  61|0x0000000085b00000, 0x0000000085b00000, 0x0000000085c00000|  0%| F|  |TAMS 0x0000000085b00000, 0x0000000085b00000| Untracked 
|  62|0x0000000085c00000, 0x0000000085c00000, 0x0000000085d00000|  0%| F|  |TAMS 0x0000000085c00000, 0x0000000085c00000| Untracked 
|  63|0x0000000085d00000, 0x0000000085d00000, 0x0000000085e00000|  0%| F|  |TAMS 0x0000000085d00000, 0x0000000085d00000| Untracked 
|  64|0x0000000085e00000, 0x0000000085e00000, 0x0000000085f00000|  0%| F|  |TAMS 0x0000000085e00000, 0x0000000085e00000| Untracked 
|  65|0x0000000085f00000, 0x0000000085f00000, 0x0000000086000000|  0%| F|  |TAMS 0x0000000085f00000, 0x0000000085f00000| Untracked 
|  66|0x0000000086000000, 0x0000000086000000, 0x0000000086100000|  0%| F|  |TAMS 0x0000000086000000, 0x0000000086000000| Untracked 
|  67|0x0000000086100000, 0x0000000086100000, 0x0000000086200000|  0%| F|  |TAMS 0x0000000086100000, 0x0000000086100000| Untracked 
|  68|0x0000000086200000, 0x0000000086200000, 0x0000000086300000|  0%| F|  |TAMS 0x0000000086200000, 0x0000000086200000| Untracked 
|  69|0x0000000086300000, 0x0000000086300000, 0x0000000086400000|  0%| F|  |TAMS 0x0000000086300000, 0x0000000086300000| Untracked 
|  70|0x0000000086400000, 0x0000000086400000, 0x0000000086500000|  0%| F|  |TAMS 0x0000000086400000, 0x0000000086400000| Untracked 
|  71|0x0000000086500000, 0x0000000086500000, 0x0000000086600000|  0%| F|  |TAMS 0x0000000086500000, 0x0000000086500000| Untracked 
|  72|0x0000000086600000, 0x0000000086600000, 0x0000000086700000|  0%| F|  |TAMS 0x0000000086600000, 0x0000000086600000| Untracked 
|  73|0x0000000086700000, 0x0000000086700000, 0x0000000086800000|  0%| F|  |TAMS 0x0000000086700000, 0x0000000086700000| Untracked 
|  74|0x0000000086800000, 0x0000000086800000, 0x0000000086900000|  0%| F|  |TAMS 0x0000000086800000, 0x0000000086800000| Untracked 
|  75|0x0000000086900000, 0x0000000086900000, 0x0000000086a00000|  0%| F|  |TAMS 0x0000000086900000, 0x0000000086900000| Untracked 
|  76|0x0000000086a00000, 0x0000000086a00000, 0x0000000086b00000|  0%| F|  |TAMS 0x0000000086a00000, 0x0000000086a00000| Untracked 
|  77|0x0000000086b00000, 0x0000000086b00000, 0x0000000086c00000|  0%| F|  |TAMS 0x0000000086b00000, 0x0000000086b00000| Untracked 
|  78|0x0000000086c00000, 0x0000000086c00000, 0x0000000086d00000|  0%| F|  |TAMS 0x0000000086c00000, 0x0000000086c00000| Untracked 
|  79|0x0000000086d00000, 0x0000000086d00000, 0x0000000086e00000|  0%| F|  |TAMS 0x0000000086d00000, 0x0000000086d00000| Untracked 
|  80|0x0000000086e00000, 0x0000000086e00000, 0x0000000086f00000|  0%| F|  |TAMS 0x0000000086e00000, 0x0000000086e00000| Untracked 
|  81|0x0000000086f00000, 0x0000000086f00000, 0x0000000087000000|  0%| F|  |TAMS 0x0000000086f00000, 0x0000000086f00000| Untracked 
|  82|0x0000000087000000, 0x0000000087000000, 0x0000000087100000|  0%| F|  |TAMS 0x0000000087000000, 0x0000000087000000| Untracked 
|  83|0x0000000087100000, 0x0000000087100000, 0x0000000087200000|  0%| F|  |TAMS 0x0000000087100000, 0x0000000087100000| Untracked 
|  84|0x0000000087200000, 0x00000000872481a0, 0x0000000087300000| 28%| E|CS|TAMS 0x0000000087200000, 0x00000000872481a0| Complete 
|  85|0x0000000087300000, 0x0000000087400000, 0x0000000087400000|100%| F|  |TAMS 0x0000000087300000, 0x0000000087300000| Complete 
|  86|0x0000000087400000, 0x0000000087400000, 0x0000000087500000|  0%| F|  |TAMS 0x0000000087400000, 0x0000000087400000| Untracked 
|  87|0x0000000087500000, 0x0000000087500000, 0x0000000087600000|  0%| F|  |TAMS 0x0000000087500000, 0x0000000087500000| Untracked 
|  88|0x0000000087600000, 0x0000000087600000, 0x0000000087700000|  0%| F|  |TAMS 0x0000000087600000, 0x0000000087600000| Untracked 
|  89|0x0000000087700000, 0x0000000087700000, 0x0000000087800000|  0%| F|  |TAMS 0x0000000087700000, 0x0000000087700000| Untracked 
|  90|0x0000000087800000, 0x0000000087800000, 0x0000000087900000|  0%| F|  |TAMS 0x0000000087800000, 0x0000000087800000| Untracked 
|  91|0x0000000087900000, 0x0000000087900000, 0x0000000087a00000|  0%| F|  |TAMS 0x0000000087900000, 0x0000000087900000| Untracked 
|  92|0x0000000087a00000, 0x0000000087a00000, 0x0000000087b00000|  0%| F|  |TAMS 0x0000000087a00000, 0x0000000087a00000| Untracked 
|  93|0x0000000087b00000, 0x0000000087b00000, 0x0000000087c00000|  0%| F|  |TAMS 0x0000000087b00000, 0x0000000087b00000| Untracked 
|  94|0x0000000087c00000, 0x0000000087c00000, 0x0000000087d00000|  0%| F|  |TAMS 0x0000000087c00000, 0x0000000087c00000| Untracked 
|  95|0x0000000087d00000, 0x0000000087d00000, 0x0000000087e00000|  0%| F|  |TAMS 0x0000000087d00000, 0x0000000087d00000| Untracked 
|  96|0x0000000087e00000, 0x0000000087e00000, 0x0000000087f00000|  0%| F|  |TAMS 0x0000000087e00000, 0x0000000087e00000| Untracked 
|  97|0x0000000087f00000, 0x0000000087f00000, 0x0000000088000000|  0%| F|  |TAMS 0x0000000087f00000, 0x0000000087f00000| Untracked 
|  98|0x0000000088000000, 0x0000000088000000, 0x0000000088100000|  0%| F|  |TAMS 0x0000000088000000, 0x0000000088000000| Untracked 
|  99|0x0000000088100000, 0x0000000088100000, 0x0000000088200000|  0%| F|  |TAMS 0x0000000088100000, 0x0000000088100000| Untracked 
| 100|0x0000000088200000, 0x0000000088200000, 0x0000000088300000|  0%| F|  |TAMS 0x0000000088200000, 0x0000000088200000| Untracked 
| 101|0x0000000088300000, 0x0000000088300000, 0x0000000088400000|  0%| F|  |TAMS 0x0000000088300000, 0x0000000088300000| Untracked 
| 102|0x0000000088400000, 0x0000000088400000, 0x0000000088500000|  0%| F|  |TAMS 0x0000000088400000, 0x0000000088400000| Untracked 
| 103|0x0000000088500000, 0x0000000088500000, 0x0000000088600000|  0%| F|  |TAMS 0x0000000088500000, 0x0000000088500000| Untracked 
| 104|0x0000000088600000, 0x0000000088600000, 0x0000000088700000|  0%| F|  |TAMS 0x0000000088600000, 0x0000000088600000| Untracked 
| 105|0x0000000088700000, 0x0000000088700000, 0x0000000088800000|  0%| F|  |TAMS 0x0000000088700000, 0x0000000088700000| Untracked 
| 106|0x0000000088800000, 0x0000000088800000, 0x0000000088900000|  0%| F|  |TAMS 0x0000000088800000, 0x0000000088800000| Untracked 
| 107|0x0000000088900000, 0x0000000088900000, 0x0000000088a00000|  0%| F|  |TAMS 0x0000000088900000, 0x0000000088900000| Untracked 
| 108|0x0000000088a00000, 0x0000000088a00000, 0x0000000088b00000|  0%| F|  |TAMS 0x0000000088a00000, 0x0000000088a00000| Untracked 
| 109|0x0000000088b00000, 0x0000000088b00000, 0x0000000088c00000|  0%| F|  |TAMS 0x0000000088b00000, 0x0000000088b00000| Untracked 
| 110|0x0000000088c00000, 0x0000000088c00000, 0x0000000088d00000|  0%| F|  |TAMS 0x0000000088c00000, 0x0000000088c00000| Untracked 
| 111|0x0000000088d00000, 0x0000000088d00000, 0x0000000088e00000|  0%| F|  |TAMS 0x0000000088d00000, 0x0000000088d00000| Untracked 
| 112|0x0000000088e00000, 0x0000000088e00000, 0x0000000088f00000|  0%| F|  |TAMS 0x0000000088e00000, 0x0000000088e00000| Untracked 
| 113|0x0000000088f00000, 0x0000000088f00000, 0x0000000089000000|  0%| F|  |TAMS 0x0000000088f00000, 0x0000000088f00000| Untracked 
| 114|0x0000000089000000, 0x0000000089000000, 0x0000000089100000|  0%| F|  |TAMS 0x0000000089000000, 0x0000000089000000| Untracked 
| 115|0x0000000089100000, 0x0000000089100000, 0x0000000089200000|  0%| F|  |TAMS 0x0000000089100000, 0x0000000089100000| Untracked 
| 116|0x0000000089200000, 0x0000000089200000, 0x0000000089300000|  0%| F|  |TAMS 0x0000000089200000, 0x0000000089200000| Untracked 
| 117|0x0000000089300000, 0x00000000893bac40, 0x0000000089400000| 72%| S|CS|TAMS 0x0000000089300000, 0x0000000089300000| Complete 
| 118|0x0000000089400000, 0x0000000089500000, 0x0000000089500000|100%| S|CS|TAMS 0x0000000089400000, 0x0000000089400000| Complete 
| 119|0x0000000089500000, 0x0000000089600000, 0x0000000089600000|100%| S|CS|TAMS 0x0000000089500000, 0x0000000089500000| Complete 
| 120|0x0000000089600000, 0x0000000089600000, 0x0000000089700000|  0%| F|  |TAMS 0x0000000089600000, 0x0000000089600000| Untracked 
| 121|0x0000000089700000, 0x0000000089700000, 0x0000000089800000|  0%| F|  |TAMS 0x0000000089700000, 0x0000000089700000| Untracked 
| 122|0x0000000089800000, 0x0000000089800000, 0x0000000089900000|  0%| F|  |TAMS 0x0000000089800000, 0x0000000089800000| Untracked 
| 123|0x0000000089900000, 0x0000000089900000, 0x0000000089a00000|  0%| F|  |TAMS 0x0000000089900000, 0x0000000089900000| Untracked 
| 124|0x0000000089a00000, 0x0000000089a00000, 0x0000000089b00000|  0%| F|  |TAMS 0x0000000089a00000, 0x0000000089a00000| Untracked 
| 125|0x0000000089b00000, 0x0000000089b00000, 0x0000000089c00000|  0%| F|  |TAMS 0x0000000089b00000, 0x0000000089b00000| Untracked 
| 126|0x0000000089c00000, 0x0000000089c00000, 0x0000000089d00000|  0%| F|  |TAMS 0x0000000089c00000, 0x0000000089c00000| Untracked 
| 127|0x0000000089d00000, 0x0000000089dff918, 0x0000000089e00000| 99%| E|  |TAMS 0x0000000089d00000, 0x0000000089d00000| Complete 

Card table byte_map: [0x000001a47bd80000,0x000001a47c180000] _byte_map_base: 0x000001a47b971000

Marking Bits (Prev, Next): (CMBitMap*) 0x000001a464fe9560, (CMBitMap*) 0x000001a464fe9528
 Prev Bits: [0x000001a400000000, 0x000001a401f88000)
 Next Bits: [0x000001a47c580000, 0x000001a47e508000)

Polling page: 0x000001a464780000

Metaspace:

Usage:
  Non-class:     23.75 MB capacity,    23.42 MB ( 99%) used,   279.80 KB (  1%) free+waste,    59.63 KB ( <1%) overhead. 
      Class:      3.24 MB capacity,     3.03 MB ( 94%) used,   179.05 KB (  5%) free+waste,    29.44 KB ( <1%) overhead. 
       Both:     26.99 MB capacity,    26.46 MB ( 98%) used,   458.86 KB (  2%) free+waste,    89.06 KB ( <1%) overhead. 

Virtual space:
  Non-class space:       30.00 MB reserved,      24.00 MB ( 80%) committed 
      Class space:        1.00 GB reserved,       3.25 MB ( <1%) committed 
             Both:        1.03 GB reserved,      27.25 MB (  3%) committed 

Chunk freelists:
   Non-Class:  7.50 KB
       Class:  1.50 KB
        Both:  9.00 KB

CodeHeap 'non-profiled nmethods': size=120000Kb used=928Kb max_used=928Kb free=119071Kb
 bounds [0x000001a474120000, 0x000001a474390000, 0x000001a47b650000]
CodeHeap 'profiled nmethods': size=120000Kb used=5109Kb max_used=5109Kb free=114890Kb
 bounds [0x000001a46cbf0000, 0x000001a46d0f0000, 0x000001a474120000]
CodeHeap 'non-nmethods': size=5760Kb used=1126Kb max_used=1147Kb free=4633Kb
 bounds [0x000001a46c650000, 0x000001a46c8c0000, 0x000001a46cbf0000]
 total_blobs=2800 nmethods=2348 adapters=363
 compilation: enabled
              stopped_count=0, restarted_count=0
 full_count=0

Compilation events (10 events):
Event: 2.958 Thread 0x000001a47f8ec000 nmethod 2317 0x000001a46d0b9590 code [0x000001a46d0b9720, 0x000001a46d0b9818]
Event: 2.958 Thread 0x000001a47f8ec000 2318       3       com.sun.org.apache.xerces.internal.impl.XMLDocumentFragmentScannerImpl::checkDepth (100 bytes)
Event: 2.960 Thread 0x000001a47f8ec000 nmethod 2318 0x000001a46d0b9890 code [0x000001a46d0b9b80, 0x000001a46d0bae88]
Event: 2.960 Thread 0x000001a47f8ec000 2305   !   3       com.sun.org.apache.xerces.internal.parsers.AbstractSAXParser::endElement (108 bytes)
Event: 2.960 Thread 0x000001a47f8ec000 nmethod 2305 0x000001a46d0bb610 code [0x000001a46d0bb800, 0x000001a46d0bbcd8]
Event: 2.960 Thread 0x000001a47f8ec000 2325   !   3       jdk.internal.reflect.GeneratedMethodAccessor12::invoke (66 bytes)
Event: 2.961 Thread 0x000001a47f8ec000 nmethod 2325 0x000001a46d0bbf10 code [0x000001a46d0bc140, 0x000001a46d0bc8d8]
Event: 2.961 Thread 0x000001a47f8ec000 2322   !   3       org.springframework.util.ClassUtils::forName (247 bytes)
Event: 2.967 Thread 0x000001a47f8ec000 nmethod 2322 0x000001a46d0bcc10 code [0x000001a46d0bd1a0, 0x000001a46d0bf9c8]
Event: 2.967 Thread 0x000001a47f8ec000 2327   !   3       org.apache.tomcat.util.digester.Digester::startElement (422 bytes)

GC Heap History (6 events):
Event: 1.359 GC heap before
{Heap before GC invocations=0 (full 0):
 garbage-first heap   total 131072K, used 24576K [0x0000000081e00000, 0x0000000100000000)
  region size 1024K, 24 young (24576K), 0 survivors (0K)
 Metaspace       used 10701K, capacity 10901K, committed 11136K, reserved 1058816K
  class space    used 1026K, capacity 1098K, committed 1152K, reserved 1048576K
}
Event: 1.366 GC heap after
{Heap after GC invocations=1 (full 0):
 garbage-first heap   total 131072K, used 7745K [0x0000000081e00000, 0x0000000100000000)
  region size 1024K, 3 young (3072K), 3 survivors (3072K)
 Metaspace       used 10701K, capacity 10901K, committed 11136K, reserved 1058816K
  class space    used 1026K, capacity 1098K, committed 1152K, reserved 1048576K
}
Event: 2.243 GC heap before
{Heap before GC invocations=1 (full 0):
 garbage-first heap   total 131072K, used 57921K [0x0000000081e00000, 0x0000000100000000)
  region size 1024K, 54 young (55296K), 3 survivors (3072K)
 Metaspace       used 20695K, capacity 21095K, committed 21248K, reserved 1069056K
  class space    used 2400K, capacity 2556K, committed 2560K, reserved 1048576K
}
Event: 2.254 GC heap after
{Heap after GC invocations=2 (full 0):
 garbage-first heap   total 131072K, used 10341K [0x0000000081e00000, 0x0000000100000000)
  region size 1024K, 6 young (6144K), 6 survivors (6144K)
 Metaspace       used 20695K, capacity 21095K, committed 21248K, reserved 1069056K
  class space    used 2400K, capacity 2556K, committed 2560K, reserved 1048576K
}
Event: 2.891 GC heap before
{Heap before GC invocations=3 (full 0):
 garbage-first heap   total 131072K, used 49253K [0x0000000081e00000, 0x0000000100000000)
  region size 1024K, 45 young (46080K), 6 survivors (6144K)
 Metaspace       used 26512K, capacity 27075K, committed 27136K, reserved 1073152K
  class space    used 3060K, capacity 3278K, committed 3328K, reserved 1048576K
}
Event: 2.899 GC heap after
{Heap after GC invocations=4 (full 0):
 garbage-first heap   total 131072K, used 12150K [0x0000000081e00000, 0x0000000100000000)
  region size 1024K, 5 young (5120K), 5 survivors (5120K)
 Metaspace       used 26512K, capacity 27075K, committed 27136K, reserved 1073152K
  class space    used 3060K, capacity 3278K, committed 3328K, reserved 1048576K
}

Deoptimization events (10 events):
Event: 1.960 Thread 0x000001a404d09800 Uncommon trap: reason=unstable_if action=reinterpret pc=0x000001a47416341c method=java.util.HashMap.getNode(ILjava/lang/Object;)Ljava/util/HashMap$Node; @ 129 c2
Event: 1.960 Thread 0x000001a404d09800 Uncommon trap: reason=unstable_if action=reinterpret pc=0x000001a474158a20 method=java.util.HashMap.putVal(ILjava/lang/Object;Ljava/lang/Object;ZZ)Ljava/lang/Object; @ 181 c2
Event: 1.961 Thread 0x000001a404d09800 Uncommon trap: reason=unstable_if action=reinterpret pc=0x000001a474155390 method=java.util.HashMap.getNode(ILjava/lang/Object;)Ljava/util/HashMap$Node; @ 129 c2
Event: 2.071 Thread 0x000001a47fbd7800 Uncommon trap: reason=unstable_if action=reinterpret pc=0x000001a474166490 method=java.lang.ThreadLocal$ThreadLocalMap.getEntry(Ljava/lang/ThreadLocal;)Ljava/lang/ThreadLocal$ThreadLocalMap$Entry; @ 29 c2
Event: 2.089 Thread 0x000001a404d09800 Uncommon trap: reason=unstable_if action=reinterpret pc=0x000001a4741a9124 method=java.util.concurrent.ConcurrentHashMap.get(Ljava/lang/Object;)Ljava/lang/Object; @ 76 c2
Event: 2.374 Thread 0x000001a47fbd7800 Uncommon trap: reason=unstable_if action=reinterpret pc=0x000001a47413cd8c method=java.util.zip.ZipFile$Source.getEntryPos([BZ)I @ 156 c2
Event: 2.629 Thread 0x000001a404d09800 Uncommon trap: reason=unstable_if action=reinterpret pc=0x000001a474191180 method=jdk.internal.org.objectweb.asm.Type.getArgumentsAndReturnSizes(Ljava/lang/String;)I @ 47 c2
Event: 2.670 Thread 0x000001a404d09800 Uncommon trap: reason=unstable_if action=reinterpret pc=0x000001a4741a819c method=java.nio.Buffer.position(I)Ljava/nio/Buffer; @ 37 c2
Event: 2.693 Thread 0x000001a404d09800 Uncommon trap: reason=unstable_if action=reinterpret pc=0x000001a47419821c method=java.nio.Buffer.position(I)Ljava/nio/Buffer; @ 37 c2
Event: 2.815 Thread 0x000001a47fbd7800 Uncommon trap: reason=unstable_if action=reinterpret pc=0x000001a4741e6318 method=org.springframework.asm.ClassReader.readUTF8(I[C)Ljava/lang/String; @ 11 c2

Classes redefined (0 events):
No events

Internal exceptions (10 events):
Event: 2.331 Thread 0x000001a47fbd7800 Exception <a 'java/lang/ClassNotFoundException'{0x000000008983a5e0}: org/springframework/beans/factory/BeanClassLoaderAwareCustomizer> (0x000000008983a5e0) thrown at [./open/src/hotspot/share/classfile/systemDictionary.cpp, line 226]
Event: 2.332 Thread 0x000001a47fbd7800 Exception <a 'java/lang/ClassNotFoundException'{0x00000000898481b8}: org/springframework/beans/factory/AwareCustomizer> (0x00000000898481b8) thrown at [./open/src/hotspot/share/classfile/systemDictionary.cpp, line 226]
Event: 2.333 Thread 0x000001a47fbd7800 Exception <a 'java/lang/ClassNotFoundException'{0x00000000898558c8}: org/springframework/context/EnvironmentAwareCustomizer> (0x00000000898558c8) thrown at [./open/src/hotspot/share/classfile/systemDictionary.cpp, line 226]
Event: 2.334 Thread 0x000001a47fbd7800 Exception <a 'java/lang/ClassNotFoundException'{0x00000000898633f0}: org/springframework/beans/factory/AwareCustomizer> (0x00000000898633f0) thrown at [./open/src/hotspot/share/classfile/systemDictionary.cpp, line 226]
Event: 2.629 Thread 0x000001a404d09800 Exception <a 'java/lang/NoSuchMethodError'{0x000000008838b758}: java.lang.invoke.DirectMethodHandle$Holder.invokeSpecial(Ljava/lang/Object;Ljava/lang/Object;)J> (0x000000008838b758) thrown at [./open/src/hotspot/share/interpreter/linkResolver.cpp, line 77
Event: 2.632 Thread 0x000001a404d09800 Exception <a 'java/lang/NoSuchMethodError'{0x0000000088395ee0}: java.lang.invoke.DirectMethodHandle$Holder.invokeStatic(Ljava/lang/Object;Ljava/lang/Object;)J> (0x0000000088395ee0) thrown at [./open/src/hotspot/share/interpreter/linkResolver.cpp, line 772
Event: 2.633 Thread 0x000001a404d09800 Exception <a 'java/lang/NoSuchMethodError'{0x0000000088398d08}: java.lang.invoke.DirectMethodHandle$Holder.invokeStaticInit(Ljava/lang/Object;Ljava/lang/Object;)J> (0x0000000088398d08) thrown at [./open/src/hotspot/share/interpreter/linkResolver.cpp, line
Event: 2.635 Thread 0x000001a404d09800 Exception <a 'java/lang/NoSuchMethodError'{0x00000000883a51b0}: java.lang.invoke.DirectMethodHandle$Holder.invokeInterface(Ljava/lang/Object;Ljava/lang/Object;)J> (0x00000000883a51b0) thrown at [./open/src/hotspot/share/interpreter/linkResolver.cpp, line 
Event: 2.636 Thread 0x000001a404d09800 Exception <a 'java/lang/IncompatibleClassChangeError'{0x00000000883a7f48}: Found class java.lang.Object, but interface was expected> (0x00000000883a7f48) thrown at [./open/src/hotspot/share/interpreter/linkResolver.cpp, line 838]
Event: 2.640 Thread 0x000001a404d09800 Exception <a 'java/lang/NoSuchMethodError'{0x00000000883ca3a0}: java.lang.invoke.DirectMethodHandle$Holder.invokeVirtual(Ljava/lang/Object;Ljava/lang/Object;Ljava/lang/Object;Ljava/lang/Object;)Ljava/lang/Object;> (0x00000000883ca3a0) thrown at [./open/sr

Events (10 events):
Event: 2.901 loading class org/springframework/security/config/annotation/web/WebSecurityConfigurer
Event: 2.901 loading class org/springframework/security/config/annotation/web/WebSecurityConfigurer done
Event: 2.901 loading class org/springframework/security/config/annotation/SecurityConfigurer
Event: 2.901 loading class org/springframework/security/config/annotation/SecurityConfigurer done
Event: 2.902 loading class org/springframework/security/config/annotation/method/configuration/GlobalMethodSecurityConfiguration
Event: 2.902 loading class org/springframework/security/config/annotation/method/configuration/GlobalMethodSecurityConfiguration done
Event: 2.904 loading class org/springframework/context/annotation/AutoProxyRegistrar
Event: 2.904 loading class org/springframework/context/annotation/AutoProxyRegistrar done
Event: 2.904 loading class org/springframework/security/config/annotation/method/configuration/MethodSecurityMetadataSourceAdvisorRegistrar
Event: 2.904 loading class org/springframework/security/config/annotation/method/configuration/MethodSecurityMetadataSourceAdvisorRegistrar done


Dynamic libraries:
0x00007ff6d83c0000 - 0x00007ff6d83cf000 	C:\Program Files\Java\jdk-11.0.16\bin\javaw.exe
0x00007ff801f30000 - 0x00007ff802128000 	C:\WINDOWS\SYSTEM32\ntdll.dll
0x00007ff800350000 - 0x00007ff800412000 	C:\WINDOWS\System32\KERNEL32.DLL
0x00007fffff680000 - 0x00007fffff97e000 	C:\WINDOWS\System32\KERNELBASE.dll
0x00007fffffe30000 - 0x00007ffffff30000 	C:\WINDOWS\System32\ucrtbase.dll
0x00007fffd9be0000 - 0x00007fffd9bf5000 	C:\Program Files\Java\jdk-11.0.16\bin\VCRUNTIME140.dll
0x00007fffd9c00000 - 0x00007fffd9c18000 	C:\Program Files\Java\jdk-11.0.16\bin\jli.dll
0x00007ffffff30000 - 0x00007ffffffe2000 	C:\WINDOWS\System32\ADVAPI32.dll
0x00007ff800190000 - 0x00007ff80022e000 	C:\WINDOWS\System32\msvcrt.dll
0x00007ff800610000 - 0x00007ff8006b0000 	C:\WINDOWS\System32\sechost.dll
0x00007ff8004e0000 - 0x00007ff800603000 	C:\WINDOWS\System32\RPCRT4.dll
0x00007fffff650000 - 0x00007fffff677000 	C:\WINDOWS\System32\bcrypt.dll
0x00007ff8011d0000 - 0x00007ff80136d000 	C:\WINDOWS\System32\USER32.dll
0x00007fffe54b0000 - 0x00007fffe574a000 	C:\WINDOWS\WinSxS\amd64_microsoft.windows.common-controls_6595b64144ccf1df_6.0.19041.4355_none_60b8b9eb71f62e16\COMCTL32.dll
0x00007fffff620000 - 0x00007fffff642000 	C:\WINDOWS\System32\win32u.dll
0x00007ff8013f0000 - 0x00007ff80141b000 	C:\WINDOWS\System32\GDI32.dll
0x00007fffffc80000 - 0x00007fffffd97000 	C:\WINDOWS\System32\gdi32full.dll
0x00007fffffb30000 - 0x00007fffffbcd000 	C:\WINDOWS\System32\msvcp_win.dll
0x00007ffff8fb0000 - 0x00007ffff8fba000 	C:\WINDOWS\SYSTEM32\VERSION.dll
0x00007ff800450000 - 0x00007ff80047f000 	C:\WINDOWS\System32\IMM32.DLL
0x00007fffd99a0000 - 0x00007fffd9a3b000 	C:\Program Files\Java\jdk-11.0.16\bin\msvcp140.dll
0x00007fffd8e40000 - 0x00007fffd9958000 	C:\Program Files\Java\jdk-11.0.16\bin\server\jvm.dll
0x00007ff801e30000 - 0x00007ff801e38000 	C:\WINDOWS\System32\PSAPI.DLL
0x00007fffd9bd0000 - 0x00007fffd9bd9000 	C:\WINDOWS\SYSTEM32\WSOCK32.dll
0x00007fffe7660000 - 0x00007fffe7687000 	C:\WINDOWS\SYSTEM32\WINMM.dll
0x00007ff800230000 - 0x00007ff80029b000 	C:\WINDOWS\System32\WS2_32.dll
0x00007ffffddd0000 - 0x00007ffffdde2000 	C:\WINDOWS\SYSTEM32\kernel.appcore.dll
0x00007fffd9990000 - 0x00007fffd99a0000 	C:\Program Files\Java\jdk-11.0.16\bin\verify.dll
0x00007ffffd2e0000 - 0x00007ffffd4c4000 	C:\WINDOWS\SYSTEM32\DBGHELP.DLL
0x00007fffe6010000 - 0x00007fffe6044000 	C:\WINDOWS\SYSTEM32\dbgcore.DLL
0x00007fffffda0000 - 0x00007fffffe22000 	C:\WINDOWS\System32\bcryptPrimitives.dll
0x00007fffd8d20000 - 0x00007fffd8d48000 	C:\Program Files\Java\jdk-11.0.16\bin\java.dll
0x00007fffd9980000 - 0x00007fffd998a000 	C:\Program Files\Java\jdk-11.0.16\bin\jimage.dll
0x00007fffd8d00000 - 0x00007fffd8d16000 	C:\Program Files\Java\jdk-11.0.16\bin\zip.dll
0x00007ff801420000 - 0x00007ff801b8f000 	C:\WINDOWS\System32\SHELL32.dll
0x00007ffffd5e0000 - 0x00007ffffdd84000 	C:\WINDOWS\SYSTEM32\windows.storage.dll
0x00007ff8009a0000 - 0x00007ff800cf3000 	C:\WINDOWS\System32\combase.dll
0x00007ffffee40000 - 0x00007ffffee6e000 	C:\WINDOWS\SYSTEM32\Wldp.dll
0x00007ff8006b0000 - 0x00007ff80077d000 	C:\WINDOWS\System32\OLEAUT32.dll
0x00007ff801e40000 - 0x00007ff801eed000 	C:\WINDOWS\System32\SHCORE.dll
0x00007ff800480000 - 0x00007ff8004d5000 	C:\WINDOWS\System32\shlwapi.dll
0x00007fffff4f0000 - 0x00007fffff514000 	C:\WINDOWS\SYSTEM32\profapi.dll
0x00007fffe6a50000 - 0x00007fffe6a69000 	C:\Program Files\Java\jdk-11.0.16\bin\net.dll
0x00007ffff82d0000 - 0x00007ffff83dd000 	C:\WINDOWS\SYSTEM32\WINHTTP.dll
0x00007ffffec20000 - 0x00007ffffec8a000 	C:\WINDOWS\system32\mswsock.dll
0x00007fffe6a30000 - 0x00007fffe6a42000 	C:\Program Files\Java\jdk-11.0.16\bin\nio.dll
0x00007fffc3c00000 - 0x00007fffc3c09000 	C:\Program Files\Java\jdk-11.0.16\bin\management.dll
0x00007fffbf560000 - 0x00007fffbf56b000 	C:\Program Files\Java\jdk-11.0.16\bin\management_ext.dll
0x00007fffd8b70000 - 0x00007fffd8b87000 	C:\WINDOWS\system32\napinsp.dll
0x00007fffd8b30000 - 0x00007fffd8b4b000 	C:\WINDOWS\system32\pnrpnsp.dll
0x00007fffd8b10000 - 0x00007fffd8b25000 	C:\WINDOWS\system32\wshbth.dll
0x00007ffffb8d0000 - 0x00007ffffb8ed000 	C:\WINDOWS\system32\NLAapi.dll
0x00007ffffe920000 - 0x00007ffffe95b000 	C:\WINDOWS\SYSTEM32\IPHLPAPI.DLL
0x00007ffffe960000 - 0x00007ffffea2a000 	C:\WINDOWS\SYSTEM32\DNSAPI.dll
0x00007ff800420000 - 0x00007ff800428000 	C:\WINDOWS\System32\NSI.dll
0x00007fffea670000 - 0x00007fffea682000 	C:\WINDOWS\System32\winrnr.dll
0x00007fffe3fb0000 - 0x00007fffe3fba000 	C:\Windows\System32\rasadhlp.dll
0x00007ffff5b00000 - 0x00007ffff5b80000 	C:\WINDOWS\System32\fwpuclnt.dll

dbghelp: loaded successfully - version: 4.0.5 - missing functions: none
symbol engine: initialized successfully - sym options: 0x614 - pdb path: .;C:\Program Files\Java\jdk-11.0.16\bin;C:\WINDOWS\SYSTEM32;C:\WINDOWS\WinSxS\amd64_microsoft.windows.common-controls_6595b64144ccf1df_6.0.19041.4355_none_60b8b9eb71f62e16;C:\Program Files\Java\jdk-11.0.16\bin\server

VM Arguments:
jvm_args: -Dfile.encoding=UTF-8 
java_command: com.rays.ProjectOrsApplication
java_class_path (initial): E:\ORSProject-10-Workspace\Project_10\target\classes;C:\Users\admin\.m2\repository\org\springframework\boot\spring-boot-starter-actuator\2.1.2.RELEASE\spring-boot-starter-actuator-2.1.2.RELEASE.jar;C:\Users\admin\.m2\repository\org\springframework\boot\spring-boot-starter\2.1.2.RELEASE\spring-boot-starter-2.1.2.RELEASE.jar;C:\Users\admin\.m2\repository\org\springframework\boot\spring-boot-starter-logging\2.1.2.RELEASE\spring-boot-starter-logging-2.1.2.RELEASE.jar;C:\Users\admin\.m2\repository\ch\qos\logback\logback-classic\1.2.3\logback-classic-1.2.3.jar;C:\Users\admin\.m2\repository\ch\qos\logback\logback-core\1.2.3\logback-core-1.2.3.jar;C:\Users\admin\.m2\repository\org\apache\logging\log4j\log4j-to-slf4j\2.11.1\log4j-to-slf4j-2.11.1.jar;C:\Users\admin\.m2\repository\org\apache\logging\log4j\log4j-api\2.11.1\log4j-api-2.11.1.jar;C:\Users\admin\.m2\repository\org\slf4j\jul-to-slf4j\1.7.25\jul-to-slf4j-1.7.25.jar;C:\Users\admin\.m2\repository\javax\annotation\javax.annotation-api\1.3.2\javax.annotation-api-1.3.2.jar;C:\Users\admin\.m2\repository\org\yaml\snakeyaml\1.23\snakeyaml-1.23.jar;C:\Users\admin\.m2\repository\org\springframework\boot\spring-boot-actuator-autoconfigure\2.1.2.RELEASE\spring-boot-actuator-autoconfigure-2.1.2.RELEASE.jar;C:\Users\admin\.m2\repository\org\springframework\boot\spring-boot-actuator\2.1.2.RELEASE\spring-boot-actuator-2.1.2.RELEASE.jar;C:\Users\admin\.m2\repository\org\springframework\spring-context\5.1.4.RELEASE\spring-context-5.1.4.RELEASE.jar;C:\Users\admin\.m2\repository\com\fasterxml\jackson\datatype\jackson-datatype-jsr310\2.9.8\jackson-datatype-jsr310-2.9.8.jar;C:\Users\admin\.m2\repository\io\micrometer\micrometer-core\1.1.2\micrometer-core-1.1.2.jar;C:\Users\admin\.m2\repository\org\hdrhistogram\HdrHistogram\2.1.9\HdrHistogram-2.1.9.jar;C:\Users\admin\.m2\repository\org\latencyutils\LatencyUtils\2.0.3\LatencyUtils-2.0.3.jar;C:\Users\admin\.m2\repository\org\springframework\boot\spring-boot-devto
Launcher Type: SUN_STANDARD

[Global flags]
     intx CICompilerCount                          = 4                                         {product} {ergonomic}
     uint ConcGCThreads                            = 2                                         {product} {ergonomic}
     uint G1ConcRefinementThreads                  = 8                                         {product} {ergonomic}
   size_t G1HeapRegionSize                         = 1048576                                   {product} {ergonomic}
    uintx GCDrainStackTargetSize                   = 64                                        {product} {ergonomic}
   size_t InitialHeapSize                          = 134217728                                 {product} {ergonomic}
   size_t MarkStackSize                            = 4194304                                   {product} {ergonomic}
   size_t MaxHeapSize                              = 2116026368                                {product} {ergonomic}
   size_t MaxNewSize                               = 1268776960                                {product} {ergonomic}
   size_t MinHeapDeltaBytes                        = 1048576                                   {product} {ergonomic}
    uintx NonNMethodCodeHeapSize                   = 5836300                                {pd product} {ergonomic}
    uintx NonProfiledCodeHeapSize                  = 122910970                              {pd product} {ergonomic}
    uintx ProfiledCodeHeapSize                     = 122910970                              {pd product} {ergonomic}
    uintx ReservedCodeCacheSize                    = 251658240                              {pd product} {ergonomic}
     bool SegmentedCodeCache                       = true                                      {product} {ergonomic}
     bool UseCompressedClassPointers               = true                                 {lp64_product} {ergonomic}
     bool UseCompressedOops                        = true                                 {lp64_product} {ergonomic}
     bool UseG1GC                                  = true                                      {product} {ergonomic}
     bool UseLargePagesIndividualAllocation        = false                                  {pd product} {ergonomic}

Logging:
Log output configuration:
 #0: stdout all=warning uptime,level,tags
 #1: stderr all=off uptime,level,tags

Environment Variables:
JAVA_HOME=C:\Program Files\Java\jdk-11.0.16
PATH=C:\Program Files\Java\jdk-11.0.16\bin;C:\Program Files\nodejs\;C:\Windows\System32;C:\Program Files\Git\cmd;C:\Program Files\MySQL\MySQL Shell 8.0\bin\;C:\Users\admin\AppData\Local\Microsoft\WindowsApps;C:\Users\admin\AppData\Local\Programs\Microsoft VS Code\bin;C:\Program Files\Docker\Docker\resources\bin;C:\Users\admin\AppData\Roaming\npm;C:\Program Files\nodejs;
USERNAME=admin
OS=Windows_NT
PROCESSOR_IDENTIFIER=Intel64 Family 6 Model 142 Stepping 12, GenuineIntel



---------------  S Y S T E M  ---------------

OS: Windows 10 , 64 bit Build 19041 (10.0.19041.4957)
Hyper-V role detected

CPU:total 8 (initial active 8) (4 cores per cpu, 2 threads per core) family 6 model 142 stepping 12 microcode 0xf0, cmov, cx8, fxsr, mmx, sse, sse2, sse3, ssse3, sse4.1, sse4.2, popcnt, avx, avx2, aes, clmul, erms, 3dnowpref, lzcnt, ht, tsc, tscinvbit, bmi1, bmi2, adx, fma

Memory: 4k page, system-wide physical 8071M (566M free)
TotalPageFile size 11120M (AvailPageFile size 5M)
current process WorkingSet (physical memory assigned to process): 172M, peak: 172M
current process commit charge ("private bytes"): 272M, peak: 273M

vm_info: Java HotSpot(TM) 64-Bit Server VM (11.0.16+11-LTS-199) for windows-amd64 JRE (11.0.16+11-LTS-199), built on Jun 28 2022 08:23:17 by "mach5one" with MS VC++ 15.9 (VS2017)

END.
