#
# There is insufficient memory for the Java Runtime Environment to continue.
# Native memory allocation (malloc) failed to allocate 782896 bytes for Chunk::new
# Possible reasons:
#   The system is out of physical RAM or swap space
#   The process is running with CompressedOops enabled, and the Java Heap may be blocking the growth of the native heap
# Possible solutions:
#   Reduce memory load on the system
#   Increase physical memory or swap space
#   Check if swap backing store is full
#   Decrease Java heap size (-Xmx/-Xms)
#   Decrease number of Java threads
#   Decrease Java thread stack sizes (-Xss)
#   Set larger code cache with -XX:ReservedCodeCacheSize=
#   JVM is running with Unscaled Compressed Oops mode in which the Java heap is
#     placed in the first 4GB address space. The Java Heap base address is the
#     maximum limit for the native heap growth. Please use -XX:HeapBaseMinAddress
#     to set the Java Heap base and to place the Java Heap above 4GB virtual address.
# This output file may be truncated or incomplete.
#
#  Out of Memory Error (./open/src/hotspot/share/memory/arena.cpp:197), pid=10328, tid=1424
#
# JRE version: Java(TM) SE Runtime Environment 18.9 (11.0.16+11) (build 11.0.16+11-LTS-199)
# Java VM: Java HotSpot(TM) 64-Bit Server VM 18.9 (11.0.16+11-LTS-199, mixed mode, tiered, compressed oops, g1 gc, windows-amd64)
# No core dump will be written. Minidumps are not enabled by default on client versions of Windows
#

---------------  S U M M A R Y ------------

Command Line: -Dfile.encoding=UTF-8 com.rays.ProjectOrsApplication

Host: Intel(R) Core(TM) i5-8365U CPU @ 1.60GHz, 8 cores, 7G,  Windows 10 , 64 bit Build 19041 (10.0.19041.4957)
Time: Sun Sep 21 17:36:52 2025 India Standard Time elapsed time: 131.007429 seconds (0d 0h 2m 11s)

---------------  T H R E A D  ---------------

Current thread (0x000002075bed5800):  JavaThread "C2 CompilerThread0" daemon [_thread_in_native, id=1424, stack(0x0000006d45f00000,0x0000006d46000000)]


Current CompileTask:
C2: 131007 7992       4       org.springframework.boot.devtools.filewatch.FolderSnapshot::collectFiles (99 bytes)

Stack: [0x0000006d45f00000,0x0000006d46000000]
Native frames: (J=compiled Java code, j=interpreted, Vv=VM code, C=native code)
V  [jvm.dll+0x62a3ea]
V  [jvm.dll+0x76418f]
V  [jvm.dll+0x765839]
V  [jvm.dll+0x765ec3]
V  [jvm.dll+0x23da98]
V  [jvm.dll+0xb2a1c]
V  [jvm.dll+0xb2fdc]
V  [jvm.dll+0x2ae814]
V  [jvm.dll+0x53d97b]
V  [jvm.dll+0x1f9c2f]
V  [jvm.dll+0x1f756d]
V  [jvm.dll+0x177c81]
V  [jvm.dll+0x207006]
V  [jvm.dll+0x20519b]
V  [jvm.dll+0x729fa0]
V  [jvm.dll+0x722b74]
V  [jvm.dll+0x629286]
C  [ucrtbase.dll+0x21bb2]
C  [KERNEL32.DLL+0x17374]
C  [ntdll.dll+0x4cc91]


---------------  P R O C E S S  ---------------

Threads class SMR info:
_java_thread_list=0x0000020761c27840, length=32, elements={
0x000002075b554800, 0x000002075b55e000, 0x000002075b568800, 0x000002075b569800,
0x000002075b56d000, 0x000002075bed5800, 0x000002075bedd000, 0x000002075b57b000,
0x000002075c04d000, 0x000002075f31f800, 0x000002075f31f000, 0x000002075f321000,
0x000002075f31e000, 0x000002075f322000, 0x000002075f323800, 0x000002076241f000,
0x000002076241a000, 0x000002076241c800, 0x0000020762420800, 0x000002076241b000,
0x000002076241c000, 0x000002076241e000, 0x0000020762421800, 0x0000020762422800,
0x0000020762423000, 0x000002076241d800, 0x0000020762428000, 0x0000020762427000,
0x0000020762425800, 0x0000020762426800, 0x0000020762425000, 0x0000020762429000
}

Java Threads: ( => current thread )
  0x000002075b554800 JavaThread "Reference Handler" daemon [_thread_blocked, id=4060, stack(0x0000006d45a00000,0x0000006d45b00000)]
  0x000002075b55e000 JavaThread "Finalizer" daemon [_thread_blocked, id=16852, stack(0x0000006d45b00000,0x0000006d45c00000)]
  0x000002075b568800 JavaThread "Signal Dispatcher" daemon [_thread_blocked, id=17240, stack(0x0000006d45c00000,0x0000006d45d00000)]
  0x000002075b569800 JavaThread "Attach Listener" daemon [_thread_blocked, id=12640, stack(0x0000006d45d00000,0x0000006d45e00000)]
  0x000002075b56d000 JavaThread "Service Thread" daemon [_thread_blocked, id=16936, stack(0x0000006d45e00000,0x0000006d45f00000)]
=>0x000002075bed5800 JavaThread "C2 CompilerThread0" daemon [_thread_in_native, id=1424, stack(0x0000006d45f00000,0x0000006d46000000)]
  0x000002075bedd000 JavaThread "C1 CompilerThread0" daemon [_thread_blocked, id=16344, stack(0x0000006d46000000,0x0000006d46100000)]
  0x000002075b57b000 JavaThread "Sweeper thread" daemon [_thread_blocked, id=17816, stack(0x0000006d46100000,0x0000006d46200000)]
  0x000002075c04d000 JavaThread "Common-Cleaner" daemon [_thread_blocked, id=7776, stack(0x0000006d46300000,0x0000006d46400000)]
  0x000002075f31f800 JavaThread "mysql-cj-abandoned-connection-cleanup" daemon [_thread_blocked, id=7560, stack(0x0000006d47300000,0x0000006d47400000)]
  0x000002075f31f000 JavaThread "Thread-4" daemon [_thread_blocked, id=12304, stack(0x0000006d47500000,0x0000006d47600000)]
  0x000002075f321000 JavaThread "SimplePauseDetectorThread_0" daemon [_thread_blocked, id=18184, stack(0x0000006d47600000,0x0000006d47700000)]
  0x000002075f31e000 JavaThread "HikariPool-1 housekeeper" daemon [_thread_blocked, id=3164, stack(0x0000006d47700000,0x0000006d47800000)]
  0x000002075f322000 JavaThread "Catalina-utility-1" [_thread_blocked, id=14264, stack(0x0000006d47900000,0x0000006d47a00000)]
  0x000002075f323800 JavaThread "container-0" [_thread_blocked, id=16544, stack(0x0000006d47a00000,0x0000006d47b00000)]
  0x000002076241f000 JavaThread "Live Reload Server" daemon [_thread_in_native, id=2568, stack(0x0000006d47c00000,0x0000006d47d00000)]
  0x000002076241a000 JavaThread "File Watcher" daemon [_thread_blocked, id=15900, stack(0x0000006d47800000,0x0000006d47900000)]
  0x000002076241c800 JavaThread "NioBlockingSelector.BlockPoller-1" daemon [_thread_in_native, id=9496, stack(0x0000006d47b00000,0x0000006d47c00000)]
  0x0000020762420800 JavaThread "http-nio-8084-exec-1" daemon [_thread_blocked, id=11032, stack(0x0000006d47d00000,0x0000006d47e00000)]
  0x000002076241b000 JavaThread "http-nio-8084-exec-2" daemon [_thread_blocked, id=5856, stack(0x0000006d47e00000,0x0000006d47f00000)]
  0x000002076241c000 JavaThread "http-nio-8084-exec-3" daemon [_thread_blocked, id=14856, stack(0x0000006d47f00000,0x0000006d48000000)]
  0x000002076241e000 JavaThread "http-nio-8084-exec-4" daemon [_thread_blocked, id=6292, stack(0x0000006d48000000,0x0000006d48100000)]
  0x0000020762421800 JavaThread "http-nio-8084-exec-5" daemon [_thread_blocked, id=15080, stack(0x0000006d48100000,0x0000006d48200000)]
  0x0000020762422800 JavaThread "http-nio-8084-exec-6" daemon [_thread_blocked, id=2276, stack(0x0000006d48200000,0x0000006d48300000)]
  0x0000020762423000 JavaThread "http-nio-8084-exec-7" daemon [_thread_blocked, id=5112, stack(0x0000006d48300000,0x0000006d48400000)]
  0x000002076241d800 JavaThread "http-nio-8084-exec-8" daemon [_thread_blocked, id=9096, stack(0x0000006d48400000,0x0000006d48500000)]
  0x0000020762428000 JavaThread "http-nio-8084-exec-9" daemon [_thread_blocked, id=2768, stack(0x0000006d48500000,0x0000006d48600000)]
  0x0000020762427000 JavaThread "http-nio-8084-exec-10" daemon [_thread_blocked, id=2240, stack(0x0000006d48600000,0x0000006d48700000)]
  0x0000020762425800 JavaThread "http-nio-8084-ClientPoller-0" daemon [_thread_in_native, id=12548, stack(0x0000006d48700000,0x0000006d48800000)]
  0x0000020762426800 JavaThread "http-nio-8084-ClientPoller-1" daemon [_thread_in_native, id=15632, stack(0x0000006d48800000,0x0000006d48900000)]
  0x0000020762425000 JavaThread "http-nio-8084-Acceptor-0" daemon [_thread_in_native, id=11128, stack(0x0000006d48900000,0x0000006d48a00000)]
  0x0000020762429000 JavaThread "DestroyJavaVM" [_thread_blocked, id=17612, stack(0x0000006d45300000,0x0000006d45400000)]

Other Threads:
  0x000002075b552000 VMThread "VM Thread" [stack: 0x0000006d45900000,0x0000006d45a00000] [id=2672]
  0x000002075c04f800 WatcherThread [stack: 0x0000006d46200000,0x0000006d46300000] [id=16752]
  0x000002073b66e800 GCTaskThread "GC Thread#0" [stack: 0x0000006d45400000,0x0000006d45500000] [id=2572]
  0x000002075d1a8000 GCTaskThread "GC Thread#1" [stack: 0x0000006d46600000,0x0000006d46700000] [id=15916]
  0x000002075d300000 GCTaskThread "GC Thread#2" [stack: 0x0000006d46700000,0x0000006d46800000] [id=12428]
  0x000002075cf78000 GCTaskThread "GC Thread#3" [stack: 0x0000006d46800000,0x0000006d46900000] [id=5536]
  0x000002075dbae800 GCTaskThread "GC Thread#4" [stack: 0x0000006d46d00000,0x0000006d46e00000] [id=6284]
  0x000002075ce5b800 GCTaskThread "GC Thread#5" [stack: 0x0000006d46e00000,0x0000006d46f00000] [id=3896]
  0x000002075d0e7800 GCTaskThread "GC Thread#6" [stack: 0x0000006d46f00000,0x0000006d47000000] [id=14564]
  0x000002075d80d800 GCTaskThread "GC Thread#7" [stack: 0x0000006d47000000,0x0000006d47100000] [id=12836]
  0x000002073b6a1800 ConcurrentGCThread "G1 Main Marker" [stack: 0x0000006d45500000,0x0000006d45600000] [id=14500]
  0x000002073b6a4800 ConcurrentGCThread "G1 Conc#0" [stack: 0x0000006d45600000,0x0000006d45700000] [id=15428]
  0x000002075ceff000 ConcurrentGCThread "G1 Conc#1" [stack: 0x0000006d47100000,0x0000006d47200000] [id=4536]
  0x000002073b72e000 ConcurrentGCThread "G1 Refine#0" [stack: 0x0000006d45700000,0x0000006d45800000] [id=14820]
  0x000002075d18b800 ConcurrentGCThread "G1 Refine#1" [stack: 0x0000006d46c00000,0x0000006d46d00000] [id=15188]
  0x000002075d18c000 ConcurrentGCThread "G1 Refine#2" [stack: 0x0000006d47200000,0x0000006d47300000] [id=12464]
  0x000002075b396800 ConcurrentGCThread "G1 Young RemSet Sampling" [stack: 0x0000006d45800000,0x0000006d45900000] [id=2848]

Threads with active compile tasks:
C2 CompilerThread0   131062 7992       4       org.springframework.boot.devtools.filewatch.FolderSnapshot::collectFiles (99 bytes)

VM state:not at safepoint (normal execution)

VM Mutex/Monitor currently owned by a thread: None

Heap address: 0x0000000081e00000, size: 2018 MB, Compressed Oops mode: 32-bit
Narrow klass base: 0x0000000000000000, Narrow klass shift: 3
Compressed class space size: 1073741824 Address: 0x0000000100000000

Heap:
 garbage-first heap   total 157696K, used 66223K [0x0000000081e00000, 0x0000000100000000)
  region size 1024K, 29 young (29696K), 9 survivors (9216K)
 Metaspace       used 71098K, capacity 72778K, committed 72876K, reserved 1112064K
  class space    used 8990K, capacity 9649K, committed 9728K, reserved 1048576K
Heap Regions: E=young(eden), S=young(survivor), O=old, HS=humongous(starts), HC=humongous(continues), CS=collection set, F=free, A=archive, TAMS=top-at-mark-start (previous, next)
|   0|0x0000000081e00000, 0x0000000081f00000, 0x0000000081f00000|100%|HS|  |TAMS 0x0000000081f00000, 0x0000000081e00000| Complete 
|   1|0x0000000081f00000, 0x0000000082000000, 0x0000000082000000|100%| O|  |TAMS 0x0000000082000000, 0x0000000081f00000| Untracked 
|   2|0x0000000082000000, 0x0000000082100000, 0x0000000082100000|100%| O|  |TAMS 0x0000000082100000, 0x0000000082000000| Untracked 
|   3|0x0000000082100000, 0x0000000082200000, 0x0000000082200000|100%| O|  |TAMS 0x0000000082200000, 0x0000000082100000| Untracked 
|   4|0x0000000082200000, 0x0000000082300000, 0x0000000082300000|100%| O|  |TAMS 0x0000000082300000, 0x0000000082200000| Untracked 
|   5|0x0000000082300000, 0x0000000082400000, 0x0000000082400000|100%| O|  |TAMS 0x0000000082400000, 0x0000000082300000| Untracked 
|   6|0x0000000082400000, 0x0000000082500000, 0x0000000082500000|100%| O|  |TAMS 0x0000000082500000, 0x0000000082400000| Untracked 
|   7|0x0000000082500000, 0x0000000082600000, 0x0000000082600000|100%| O|  |TAMS 0x0000000082600000, 0x0000000082500000| Untracked 
|   8|0x0000000082600000, 0x0000000082700000, 0x0000000082700000|100%| O|  |TAMS 0x0000000082700000, 0x0000000082600000| Untracked 
|   9|0x0000000082700000, 0x0000000082800000, 0x0000000082800000|100%| O|  |TAMS 0x0000000082800000, 0x0000000082700000| Untracked 
|  10|0x0000000082800000, 0x0000000082900000, 0x0000000082900000|100%| O|  |TAMS 0x0000000082900000, 0x0000000082800000| Untracked 
|  11|0x0000000082900000, 0x0000000082a00000, 0x0000000082a00000|100%| O|  |TAMS 0x0000000082a00000, 0x0000000082900000| Untracked 
|  12|0x0000000082a00000, 0x0000000082b00000, 0x0000000082b00000|100%| O|  |TAMS 0x0000000082b00000, 0x0000000082a00000| Untracked 
|  13|0x0000000082b00000, 0x0000000082c00000, 0x0000000082c00000|100%| O|  |TAMS 0x0000000082c00000, 0x0000000082b00000| Untracked 
|  14|0x0000000082c00000, 0x0000000082d00000, 0x0000000082d00000|100%| O|  |TAMS 0x0000000082d00000, 0x0000000082c00000| Untracked 
|  15|0x0000000082d00000, 0x0000000082e00000, 0x0000000082e00000|100%| O|  |TAMS 0x0000000082e00000, 0x0000000082d00000| Untracked 
|  16|0x0000000082e00000, 0x0000000082f00000, 0x0000000082f00000|100%| O|  |TAMS 0x0000000082f00000, 0x0000000082e00000| Untracked 
|  17|0x0000000082f00000, 0x0000000083000000, 0x0000000083000000|100%| O|  |TAMS 0x0000000083000000, 0x0000000082f00000| Untracked 
|  18|0x0000000083000000, 0x0000000083100000, 0x0000000083100000|100%| O|  |TAMS 0x0000000083100000, 0x0000000083000000| Untracked 
|  19|0x0000000083100000, 0x0000000083200000, 0x0000000083200000|100%| O|  |TAMS 0x0000000083200000, 0x0000000083100000| Untracked 
|  20|0x0000000083200000, 0x0000000083300000, 0x0000000083300000|100%| O|  |TAMS 0x0000000083300000, 0x0000000083200000| Untracked 
|  21|0x0000000083300000, 0x0000000083400000, 0x0000000083400000|100%| O|  |TAMS 0x0000000083400000, 0x0000000083300000| Untracked 
|  22|0x0000000083400000, 0x0000000083500000, 0x0000000083500000|100%| O|  |TAMS 0x0000000083400000, 0x0000000083400000| Untracked 
|  23|0x0000000083500000, 0x0000000083600000, 0x0000000083600000|100%| O|  |TAMS 0x0000000083600000, 0x0000000083500000| Untracked 
|  24|0x0000000083600000, 0x0000000083700000, 0x0000000083700000|100%| O|  |TAMS 0x0000000083700000, 0x0000000083600000| Untracked 
|  25|0x0000000083700000, 0x0000000083800000, 0x0000000083800000|100%| O|  |TAMS 0x0000000083800000, 0x0000000083700000| Untracked 
|  26|0x0000000083800000, 0x0000000083900000, 0x0000000083900000|100%| O|  |TAMS 0x0000000083900000, 0x0000000083800000| Untracked 
|  27|0x0000000083900000, 0x0000000083a00000, 0x0000000083a00000|100%| O|  |TAMS 0x0000000083a00000, 0x0000000083900000| Untracked 
|  28|0x0000000083a00000, 0x0000000083b00000, 0x0000000083b00000|100%| O|  |TAMS 0x0000000083b00000, 0x0000000083a00000| Untracked 
|  29|0x0000000083b00000, 0x0000000083c00000, 0x0000000083c00000|100%| O|  |TAMS 0x0000000083c00000, 0x0000000083b00000| Untracked 
|  30|0x0000000083c00000, 0x0000000083d00000, 0x0000000083d00000|100%| O|  |TAMS 0x0000000083d00000, 0x0000000083c00000| Untracked 
|  31|0x0000000083d00000, 0x0000000083e00000, 0x0000000083e00000|100%| O|  |TAMS 0x0000000083d7ea00, 0x0000000083d00000| Untracked 
|  32|0x0000000083e00000, 0x0000000083f00000, 0x0000000083f00000|100%| O|  |TAMS 0x0000000083e00000, 0x0000000083e00000| Untracked 
|  33|0x0000000083f00000, 0x0000000084000000, 0x0000000084000000|100%| O|  |TAMS 0x0000000083f00000, 0x0000000083f00000| Untracked 
|  34|0x0000000084000000, 0x0000000084100000, 0x0000000084100000|100%| O|  |TAMS 0x0000000084000000, 0x0000000084000000| Untracked 
|  35|0x0000000084100000, 0x0000000084200000, 0x0000000084200000|100%| O|  |TAMS 0x0000000084100000, 0x0000000084100000| Untracked 
|  36|0x0000000084200000, 0x0000000084300000, 0x0000000084300000|100%| O|  |TAMS 0x0000000084200000, 0x0000000084200000| Untracked 
|  37|0x0000000084300000, 0x0000000084381e00, 0x0000000084400000| 50%| O|  |TAMS 0x0000000084300000, 0x0000000084300000| Untracked 
|  38|0x0000000084400000, 0x0000000084400000, 0x0000000084500000|  0%| F|  |TAMS 0x0000000084400000, 0x0000000084400000| Untracked 
|  39|0x0000000084500000, 0x0000000084500000, 0x0000000084600000|  0%| F|  |TAMS 0x0000000084500000, 0x0000000084500000| Untracked 
|  40|0x0000000084600000, 0x0000000084600000, 0x0000000084700000|  0%| F|  |TAMS 0x0000000084600000, 0x0000000084600000| Untracked 
|  41|0x0000000084700000, 0x0000000084700000, 0x0000000084800000|  0%| F|  |TAMS 0x0000000084700000, 0x0000000084700000| Untracked 
|  42|0x0000000084800000, 0x0000000084800000, 0x0000000084900000|  0%| F|  |TAMS 0x0000000084800000, 0x0000000084800000| Untracked 
|  43|0x0000000084900000, 0x0000000084900000, 0x0000000084a00000|  0%| F|  |TAMS 0x0000000084900000, 0x0000000084900000| Untracked 
|  44|0x0000000084a00000, 0x0000000084a00000, 0x0000000084b00000|  0%| F|  |TAMS 0x0000000084a00000, 0x0000000084a00000| Untracked 
|  45|0x0000000084b00000, 0x0000000084b00000, 0x0000000084c00000|  0%| F|  |TAMS 0x0000000084b00000, 0x0000000084b00000| Untracked 
|  46|0x0000000084c00000, 0x0000000084c00000, 0x0000000084d00000|  0%| F|  |TAMS 0x0000000084c00000, 0x0000000084c00000| Untracked 
|  47|0x0000000084d00000, 0x0000000084d00000, 0x0000000084e00000|  0%| F|  |TAMS 0x0000000084d00000, 0x0000000084d00000| Untracked 
|  48|0x0000000084e00000, 0x0000000084e00000, 0x0000000084f00000|  0%| F|  |TAMS 0x0000000084e00000, 0x0000000084e00000| Untracked 
|  49|0x0000000084f00000, 0x0000000084f00000, 0x0000000085000000|  0%| F|  |TAMS 0x0000000084f00000, 0x0000000084f00000| Untracked 
|  50|0x0000000085000000, 0x0000000085000000, 0x0000000085100000|  0%| F|  |TAMS 0x0000000085000000, 0x0000000085000000| Untracked 
|  51|0x0000000085100000, 0x0000000085100000, 0x0000000085200000|  0%| F|  |TAMS 0x0000000085100000, 0x0000000085100000| Untracked 
|  52|0x0000000085200000, 0x0000000085200000, 0x0000000085300000|  0%| F|  |TAMS 0x0000000085200000, 0x0000000085200000| Untracked 
|  53|0x0000000085300000, 0x0000000085300000, 0x0000000085400000|  0%| F|  |TAMS 0x0000000085300000, 0x0000000085300000| Untracked 
|  54|0x0000000085400000, 0x0000000085400000, 0x0000000085500000|  0%| F|  |TAMS 0x0000000085400000, 0x0000000085400000| Untracked 
|  55|0x0000000085500000, 0x0000000085500000, 0x0000000085600000|  0%| F|  |TAMS 0x0000000085500000, 0x0000000085500000| Untracked 
|  56|0x0000000085600000, 0x0000000085600000, 0x0000000085700000|  0%| F|  |TAMS 0x0000000085600000, 0x0000000085600000| Untracked 
|  57|0x0000000085700000, 0x0000000085700000, 0x0000000085800000|  0%| F|  |TAMS 0x0000000085700000, 0x0000000085700000| Untracked 
|  58|0x0000000085800000, 0x0000000085800000, 0x0000000085900000|  0%| F|  |TAMS 0x0000000085800000, 0x0000000085800000| Untracked 
|  59|0x0000000085900000, 0x0000000085900000, 0x0000000085a00000|  0%| F|  |TAMS 0x0000000085900000, 0x0000000085900000| Untracked 
|  60|0x0000000085a00000, 0x0000000085a00000, 0x0000000085b00000|  0%| F|  |TAMS 0x0000000085a00000, 0x0000000085a00000| Untracked 
|  61|0x0000000085b00000, 0x0000000085b00000, 0x0000000085c00000|  0%| F|  |TAMS 0x0000000085b00000, 0x0000000085b00000| Untracked 
|  62|0x0000000085c00000, 0x0000000085c00000, 0x0000000085d00000|  0%| F|  |TAMS 0x0000000085c00000, 0x0000000085c00000| Untracked 
|  63|0x0000000085d00000, 0x0000000085d00000, 0x0000000085e00000|  0%| F|  |TAMS 0x0000000085d00000, 0x0000000085d00000| Untracked 
|  64|0x0000000085e00000, 0x0000000085e00000, 0x0000000085f00000|  0%| F|  |TAMS 0x0000000085e00000, 0x0000000085e00000| Untracked 
|  65|0x0000000085f00000, 0x0000000085f29f08, 0x0000000086000000| 16%| S|CS|TAMS 0x0000000085f00000, 0x0000000085f00000| Complete 
|  66|0x0000000086000000, 0x0000000086100000, 0x0000000086100000|100%| S|CS|TAMS 0x0000000086000000, 0x0000000086000000| Complete 
|  67|0x0000000086100000, 0x0000000086200000, 0x0000000086200000|100%| S|CS|TAMS 0x0000000086100000, 0x0000000086100000| Complete 
|  68|0x0000000086200000, 0x0000000086300000, 0x0000000086300000|100%| S|CS|TAMS 0x0000000086200000, 0x0000000086200000| Complete 
|  69|0x0000000086300000, 0x0000000086400000, 0x0000000086400000|100%| S|CS|TAMS 0x0000000086300000, 0x0000000086300000| Complete 
|  70|0x0000000086400000, 0x0000000086400000, 0x0000000086500000|  0%| F|  |TAMS 0x0000000086400000, 0x0000000086400000| Untracked 
|  71|0x0000000086500000, 0x0000000086500000, 0x0000000086600000|  0%| F|  |TAMS 0x0000000086500000, 0x0000000086500000| Untracked 
|  72|0x0000000086600000, 0x0000000086700000, 0x0000000086700000|100%| S|CS|TAMS 0x0000000086600000, 0x0000000086600000| Complete 
|  73|0x0000000086700000, 0x0000000086700000, 0x0000000086800000|  0%| F|  |TAMS 0x0000000086700000, 0x0000000086700000| Untracked 
|  74|0x0000000086800000, 0x0000000086800000, 0x0000000086900000|  0%| F|  |TAMS 0x0000000086800000, 0x0000000086800000| Untracked 
|  75|0x0000000086900000, 0x0000000086900000, 0x0000000086a00000|  0%| F|  |TAMS 0x0000000086900000, 0x0000000086900000| Untracked 
|  76|0x0000000086a00000, 0x0000000086a00000, 0x0000000086b00000|  0%| F|  |TAMS 0x0000000086a00000, 0x0000000086a00000| Untracked 
|  77|0x0000000086b00000, 0x0000000086b00000, 0x0000000086c00000|  0%| F|  |TAMS 0x0000000086b00000, 0x0000000086b00000| Untracked 
|  78|0x0000000086c00000, 0x0000000086c00000, 0x0000000086d00000|  0%| F|  |TAMS 0x0000000086c00000, 0x0000000086c00000| Untracked 
|  79|0x0000000086d00000, 0x0000000086e00000, 0x0000000086e00000|100%| S|CS|TAMS 0x0000000086d00000, 0x0000000086d00000| Complete 
|  80|0x0000000086e00000, 0x0000000086f00000, 0x0000000086f00000|100%| S|CS|TAMS 0x0000000086e00000, 0x0000000086e00000| Complete 
|  81|0x0000000086f00000, 0x0000000087000000, 0x0000000087000000|100%| S|CS|TAMS 0x0000000086f00000, 0x0000000086f00000| Complete 
|  82|0x0000000087000000, 0x0000000087000000, 0x0000000087100000|  0%| F|  |TAMS 0x0000000087000000, 0x0000000087000000| Untracked 
|  83|0x0000000087100000, 0x0000000087100000, 0x0000000087200000|  0%| F|  |TAMS 0x0000000087100000, 0x0000000087100000| Untracked 
|  84|0x0000000087200000, 0x0000000087200000, 0x0000000087300000|  0%| F|  |TAMS 0x0000000087200000, 0x0000000087200000| Untracked 
|  85|0x0000000087300000, 0x0000000087300000, 0x0000000087400000|  0%| F|  |TAMS 0x0000000087300000, 0x0000000087300000| Untracked 
|  86|0x0000000087400000, 0x0000000087400000, 0x0000000087500000|  0%| F|  |TAMS 0x0000000087400000, 0x0000000087400000| Untracked 
|  87|0x0000000087500000, 0x0000000087500000, 0x0000000087600000|  0%| F|  |TAMS 0x0000000087500000, 0x0000000087500000| Untracked 
|  88|0x0000000087600000, 0x0000000087600000, 0x0000000087700000|  0%| F|  |TAMS 0x0000000087600000, 0x0000000087600000| Untracked 
|  89|0x0000000087700000, 0x0000000087700000, 0x0000000087800000|  0%| F|  |TAMS 0x0000000087700000, 0x0000000087700000| Untracked 
|  90|0x0000000087800000, 0x0000000087800000, 0x0000000087900000|  0%| F|  |TAMS 0x0000000087800000, 0x0000000087800000| Untracked 
|  91|0x0000000087900000, 0x0000000087900000, 0x0000000087a00000|  0%| F|  |TAMS 0x0000000087900000, 0x0000000087900000| Untracked 
|  92|0x0000000087a00000, 0x0000000087a00000, 0x0000000087b00000|  0%| F|  |TAMS 0x0000000087a00000, 0x0000000087a00000| Untracked 
|  93|0x0000000087b00000, 0x0000000087b00000, 0x0000000087c00000|  0%| F|  |TAMS 0x0000000087b00000, 0x0000000087b00000| Untracked 
|  94|0x0000000087c00000, 0x0000000087c00000, 0x0000000087d00000|  0%| F|  |TAMS 0x0000000087c00000, 0x0000000087c00000| Untracked 
|  95|0x0000000087d00000, 0x0000000087d00000, 0x0000000087e00000|  0%| F|  |TAMS 0x0000000087d00000, 0x0000000087d00000| Untracked 
|  96|0x0000000087e00000, 0x0000000087e00000, 0x0000000087f00000|  0%| F|  |TAMS 0x0000000087e00000, 0x0000000087e00000| Untracked 
|  97|0x0000000087f00000, 0x0000000087f00000, 0x0000000088000000|  0%| F|  |TAMS 0x0000000087f00000, 0x0000000087f00000| Untracked 
|  98|0x0000000088000000, 0x0000000088000000, 0x0000000088100000|  0%| F|  |TAMS 0x0000000088000000, 0x0000000088000000| Untracked 
|  99|0x0000000088100000, 0x0000000088100000, 0x0000000088200000|  0%| F|  |TAMS 0x0000000088100000, 0x0000000088100000| Untracked 
| 100|0x0000000088200000, 0x0000000088200000, 0x0000000088300000|  0%| F|  |TAMS 0x0000000088200000, 0x0000000088200000| Untracked 
| 101|0x0000000088300000, 0x0000000088300000, 0x0000000088400000|  0%| F|  |TAMS 0x0000000088300000, 0x0000000088300000| Untracked 
| 102|0x0000000088400000, 0x0000000088400000, 0x0000000088500000|  0%| F|  |TAMS 0x0000000088400000, 0x0000000088400000| Untracked 
| 103|0x0000000088500000, 0x0000000088500000, 0x0000000088600000|  0%| F|  |TAMS 0x0000000088500000, 0x0000000088500000| Untracked 
| 104|0x0000000088600000, 0x0000000088600000, 0x0000000088700000|  0%| F|  |TAMS 0x0000000088600000, 0x0000000088600000| Untracked 
| 105|0x0000000088700000, 0x0000000088700000, 0x0000000088800000|  0%| F|  |TAMS 0x0000000088700000, 0x0000000088700000| Untracked 
| 106|0x0000000088800000, 0x0000000088800000, 0x0000000088900000|  0%| F|  |TAMS 0x0000000088800000, 0x0000000088800000| Untracked 
| 107|0x0000000088900000, 0x0000000088900000, 0x0000000088a00000|  0%| F|  |TAMS 0x0000000088900000, 0x0000000088900000| Untracked 
| 108|0x0000000088a00000, 0x0000000088a00000, 0x0000000088b00000|  0%| F|  |TAMS 0x0000000088a00000, 0x0000000088a00000| Untracked 
| 109|0x0000000088b00000, 0x0000000088b00000, 0x0000000088c00000|  0%| F|  |TAMS 0x0000000088b00000, 0x0000000088b00000| Untracked 
| 110|0x0000000088c00000, 0x0000000088c00000, 0x0000000088d00000|  0%| F|  |TAMS 0x0000000088c00000, 0x0000000088c00000| Untracked 
| 111|0x0000000088d00000, 0x0000000088d00000, 0x0000000088e00000|  0%| F|  |TAMS 0x0000000088d00000, 0x0000000088d00000| Untracked 
| 112|0x0000000088e00000, 0x0000000088e00000, 0x0000000088f00000|  0%| F|  |TAMS 0x0000000088e00000, 0x0000000088e00000| Untracked 
| 113|0x0000000088f00000, 0x0000000088f00000, 0x0000000089000000|  0%| F|  |TAMS 0x0000000088f00000, 0x0000000088f00000| Untracked 
| 114|0x0000000089000000, 0x0000000089000000, 0x0000000089100000|  0%| F|  |TAMS 0x0000000089000000, 0x0000000089000000| Untracked 
| 115|0x0000000089100000, 0x0000000089100000, 0x0000000089200000|  0%| F|  |TAMS 0x0000000089100000, 0x0000000089100000| Untracked 
| 116|0x0000000089200000, 0x0000000089200000, 0x0000000089300000|  0%| F|  |TAMS 0x0000000089200000, 0x0000000089200000| Untracked 
| 117|0x0000000089300000, 0x0000000089300000, 0x0000000089400000|  0%| F|  |TAMS 0x0000000089300000, 0x0000000089300000| Untracked 
| 118|0x0000000089400000, 0x0000000089400000, 0x0000000089500000|  0%| F|  |TAMS 0x0000000089400000, 0x0000000089400000| Untracked 
| 119|0x0000000089500000, 0x0000000089500000, 0x0000000089600000|  0%| F|  |TAMS 0x0000000089500000, 0x0000000089500000| Untracked 
| 120|0x0000000089600000, 0x0000000089600000, 0x0000000089700000|  0%| F|  |TAMS 0x0000000089600000, 0x0000000089600000| Untracked 
| 121|0x0000000089700000, 0x0000000089700000, 0x0000000089800000|  0%| F|  |TAMS 0x0000000089700000, 0x0000000089700000| Untracked 
| 122|0x0000000089800000, 0x0000000089800000, 0x0000000089900000|  0%| F|  |TAMS 0x0000000089800000, 0x0000000089800000| Untracked 
| 123|0x0000000089900000, 0x0000000089900000, 0x0000000089a00000|  0%| F|  |TAMS 0x0000000089900000, 0x0000000089900000| Untracked 
| 124|0x0000000089a00000, 0x0000000089a00000, 0x0000000089b00000|  0%| F|  |TAMS 0x0000000089a00000, 0x0000000089a00000| Untracked 
| 125|0x0000000089b00000, 0x0000000089b00000, 0x0000000089c00000|  0%| F|  |TAMS 0x0000000089b00000, 0x0000000089b00000| Untracked 
| 126|0x0000000089c00000, 0x0000000089c00000, 0x0000000089d00000|  0%| F|  |TAMS 0x0000000089c00000, 0x0000000089c00000| Untracked 
| 127|0x0000000089d00000, 0x0000000089d00000, 0x0000000089e00000|  0%| F|  |TAMS 0x0000000089d00000, 0x0000000089d00000| Untracked 
| 128|0x0000000089e00000, 0x0000000089e00000, 0x0000000089f00000|  0%| F|  |TAMS 0x0000000089e00000, 0x0000000089e00000| Untracked 
| 129|0x0000000089f00000, 0x0000000089f00000, 0x000000008a000000|  0%| F|  |TAMS 0x0000000089f00000, 0x0000000089f00000| Untracked 
| 130|0x000000008a000000, 0x000000008a000000, 0x000000008a100000|  0%| F|  |TAMS 0x000000008a000000, 0x000000008a000000| Untracked 
| 131|0x000000008a100000, 0x000000008a100000, 0x000000008a200000|  0%| F|  |TAMS 0x000000008a100000, 0x000000008a100000| Untracked 
| 132|0x000000008a200000, 0x000000008a200000, 0x000000008a300000|  0%| F|  |TAMS 0x000000008a200000, 0x000000008a200000| Untracked 
| 133|0x000000008a300000, 0x000000008a300000, 0x000000008a400000|  0%| F|  |TAMS 0x000000008a300000, 0x000000008a300000| Untracked 
| 134|0x000000008a400000, 0x000000008a44a3e0, 0x000000008a500000| 29%| E|  |TAMS 0x000000008a400000, 0x000000008a400000| Complete 
| 135|0x000000008a500000, 0x000000008a600000, 0x000000008a600000|100%| E|CS|TAMS 0x000000008a500000, 0x000000008a500000| Complete 
| 136|0x000000008a600000, 0x000000008a700000, 0x000000008a700000|100%| E|CS|TAMS 0x000000008a600000, 0x000000008a600000| Complete 
| 137|0x000000008a700000, 0x000000008a800000, 0x000000008a800000|100%| E|CS|TAMS 0x000000008a700000, 0x000000008a700000| Complete 
| 138|0x000000008a800000, 0x000000008a900000, 0x000000008a900000|100%| E|CS|TAMS 0x000000008a800000, 0x000000008a800000| Complete 
| 139|0x000000008a900000, 0x000000008aa00000, 0x000000008aa00000|100%| E|CS|TAMS 0x000000008a900000, 0x000000008a900000| Complete 
| 140|0x000000008aa00000, 0x000000008ab00000, 0x000000008ab00000|100%| E|CS|TAMS 0x000000008aa00000, 0x000000008aa00000| Complete 
| 141|0x000000008ab00000, 0x000000008ac00000, 0x000000008ac00000|100%| E|CS|TAMS 0x000000008ab00000, 0x000000008ab00000| Complete 
| 142|0x000000008ac00000, 0x000000008ad00000, 0x000000008ad00000|100%| E|CS|TAMS 0x000000008ac00000, 0x000000008ac00000| Complete 
| 143|0x000000008ad00000, 0x000000008ae00000, 0x000000008ae00000|100%| E|CS|TAMS 0x000000008ad00000, 0x000000008ad00000| Complete 
| 144|0x000000008ae00000, 0x000000008af00000, 0x000000008af00000|100%| E|CS|TAMS 0x000000008ae00000, 0x000000008ae00000| Complete 
| 145|0x000000008af00000, 0x000000008b000000, 0x000000008b000000|100%| E|CS|TAMS 0x000000008af00000, 0x000000008af00000| Complete 
| 146|0x000000008b000000, 0x000000008b100000, 0x000000008b100000|100%| E|CS|TAMS 0x000000008b000000, 0x000000008b000000| Complete 
| 147|0x000000008b100000, 0x000000008b200000, 0x000000008b200000|100%| E|CS|TAMS 0x000000008b100000, 0x000000008b100000| Complete 
| 148|0x000000008b200000, 0x000000008b300000, 0x000000008b300000|100%| E|CS|TAMS 0x000000008b200000, 0x000000008b200000| Complete 
| 149|0x000000008b300000, 0x000000008b400000, 0x000000008b400000|100%| E|CS|TAMS 0x000000008b300000, 0x000000008b300000| Complete 
| 150|0x000000008b400000, 0x000000008b500000, 0x000000008b500000|100%| E|CS|TAMS 0x000000008b400000, 0x000000008b400000| Complete 
| 151|0x000000008b500000, 0x000000008b600000, 0x000000008b600000|100%| E|CS|TAMS 0x000000008b500000, 0x000000008b500000| Complete 
| 152|0x000000008b600000, 0x000000008b700000, 0x000000008b700000|100%| E|CS|TAMS 0x000000008b600000, 0x000000008b600000| Complete 
| 153|0x000000008b700000, 0x000000008b800000, 0x000000008b800000|100%| E|CS|TAMS 0x000000008b700000, 0x000000008b700000| Complete 

Card table byte_map: [0x0000020754340000,0x0000020754740000] _byte_map_base: 0x0000020753f31000

Marking Bits (Prev, Next): (CMBitMap*) 0x000002073b698ac0, (CMBitMap*) 0x000002073b698a88
 Prev Bits: [0x0000020756ad0000, 0x0000020758a58000)
 Next Bits: [0x0000020754b40000, 0x0000020756ac8000)

Polling page: 0x000002073b730000

Metaspace:

Usage:
  Non-class:     61.65 MB capacity,    60.65 MB ( 98%) used,   820.49 KB (  1%) free+waste,   200.63 KB ( <1%) overhead. 
      Class:      9.42 MB capacity,     8.78 MB ( 93%) used,   562.55 KB (  6%) free+waste,    95.69 KB ( <1%) overhead. 
       Both:     71.07 MB capacity,    69.43 MB ( 98%) used,     1.35 MB (  2%) free+waste,   296.31 KB ( <1%) overhead. 

Virtual space:
  Non-class space:       62.00 MB reserved,      61.67 MB (>99%) committed 
      Class space:        1.00 GB reserved,       9.50 MB ( <1%) committed 
             Both:        1.06 GB reserved,      71.17 MB (  7%) committed 

Chunk freelists:
   Non-Class:  2.38 KB
       Class:  1.88 KB
        Both:  4.25 KB

CodeHeap 'non-profiled nmethods': size=120000Kb used=5530Kb max_used=5530Kb free=114469Kb
 bounds [0x000002074bfa0000, 0x000002074c510000, 0x00000207534d0000]
CodeHeap 'profiled nmethods': size=120000Kb used=18550Kb max_used=18550Kb free=101449Kb
 bounds [0x0000020744a70000, 0x0000020745c90000, 0x000002074bfa0000]
CodeHeap 'non-nmethods': size=5760Kb used=1233Kb max_used=1277Kb free=4527Kb
 bounds [0x00000207444d0000, 0x0000020744740000, 0x0000020744a70000]
 total_blobs=8505 nmethods=7894 adapters=521
 compilation: enabled
              stopped_count=0, restarted_count=0
 full_count=0

Compilation events (10 events):
Event: 115.991 Thread 0x000002075bedd000 nmethod 7987 0x0000020745c8c710 code [0x0000020745c8c8c0, 0x0000020745c8cb58]
Event: 116.184 Thread 0x000002075bedd000 7989       3       java.util.concurrent.TimeUnit::convert (77 bytes)
Event: 116.185 Thread 0x000002075bedd000 nmethod 7989 0x0000020745c8cc90 code [0x0000020745c8ce80, 0x0000020745c8d1c8]
Event: 116.186 Thread 0x000002075bedd000 7988       3       java.util.concurrent.ScheduledThreadPoolExecutor$ScheduledFutureTask::getDelay (16 bytes)
Event: 116.186 Thread 0x000002075bedd000 nmethod 7988 0x0000020745c8d390 code [0x0000020745c8d540, 0x0000020745c8d6c8]
Event: 126.729 Thread 0x000002075bed5800 7990       4       java.io.File::listFiles (52 bytes)
Event: 126.779 Thread 0x000002075bed5800 nmethod 7990 0x000002074c505b10 code [0x000002074c505ce0, 0x000002074c506498]
Event: 128.784 Thread 0x000002075bedd000 7991       3       java.io.File::toString (5 bytes)
Event: 128.785 Thread 0x000002075bedd000 nmethod 7991 0x0000020745c8d790 code [0x0000020745c8d920, 0x0000020745c8da38]
Event: 130.897 Thread 0x000002075bed5800 7992       4       org.springframework.boot.devtools.filewatch.FolderSnapshot::collectFiles (99 bytes)

GC Heap History (10 events):
Event: 10.017 GC heap before
{Heap before GC invocations=8 (full 0):
 garbage-first heap   total 157696K, used 100858K [0x0000000081e00000, 0x0000000100000000)
  region size 1024K, 76 young (77824K), 9 survivors (9216K)
 Metaspace       used 47362K, capacity 48527K, committed 48812K, reserved 1091584K
  class space    used 5625K, capacity 6095K, committed 6144K, reserved 1048576K
}
Event: 10.033 GC heap after
{Heap after GC invocations=9 (full 0):
 garbage-first heap   total 157696K, used 36032K [0x0000000081e00000, 0x0000000100000000)
  region size 1024K, 5 young (5120K), 5 survivors (5120K)
 Metaspace       used 47362K, capacity 48527K, committed 48812K, reserved 1091584K
  class space    used 5625K, capacity 6095K, committed 6144K, reserved 1048576K
}
Event: 12.296 GC heap before
{Heap before GC invocations=9 (full 0):
 garbage-first heap   total 157696K, used 104640K [0x0000000081e00000, 0x0000000100000000)
  region size 1024K, 73 young (74752K), 5 survivors (5120K)
 Metaspace       used 58436K, capacity 59653K, committed 59692K, reserved 1101824K
  class space    used 7297K, capacity 7803K, committed 7808K, reserved 1048576K
}
Event: 12.308 GC heap after
{Heap after GC invocations=10 (full 0):
 garbage-first heap   total 157696K, used 39346K [0x0000000081e00000, 0x0000000100000000)
  region size 1024K, 8 young (8192K), 8 survivors (8192K)
 Metaspace       used 58436K, capacity 59653K, committed 59692K, reserved 1101824K
  class space    used 7297K, capacity 7803K, committed 7808K, reserved 1048576K
}
Event: 14.191 GC heap before
{Heap before GC invocations=11 (full 0):
 garbage-first heap   total 157696K, used 108978K [0x0000000081e00000, 0x0000000100000000)
  region size 1024K, 76 young (77824K), 8 survivors (8192K)
 Metaspace       used 63281K, capacity 64552K, committed 64812K, reserved 1105920K
  class space    used 8022K, capacity 8505K, committed 8576K, reserved 1048576K
}
Event: 14.203 GC heap after
{Heap after GC invocations=12 (full 0):
 garbage-first heap   total 157696K, used 40597K [0x0000000081e00000, 0x0000000100000000)
  region size 1024K, 6 young (6144K), 6 survivors (6144K)
 Metaspace       used 63281K, capacity 64552K, committed 64812K, reserved 1105920K
  class space    used 8022K, capacity 8505K, committed 8576K, reserved 1048576K
}
Event: 15.682 GC heap before
{Heap before GC invocations=12 (full 0):
 garbage-first heap   total 157696K, used 112277K [0x0000000081e00000, 0x0000000100000000)
  region size 1024K, 76 young (77824K), 6 survivors (6144K)
 Metaspace       used 67052K, capacity 68420K, committed 68652K, reserved 1110016K
  class space    used 8443K, capacity 8989K, committed 9088K, reserved 1048576K
}
Event: 15.693 GC heap after
{Heap after GC invocations=13 (full 0):
 garbage-first heap   total 157696K, used 42614K [0x0000000081e00000, 0x0000000100000000)
  region size 1024K, 8 young (8192K), 8 survivors (8192K)
 Metaspace       used 67052K, capacity 68420K, committed 68652K, reserved 1110016K
  class space    used 8443K, capacity 8989K, committed 9088K, reserved 1048576K
}
Event: 17.155 GC heap before
{Heap before GC invocations=13 (full 0):
 garbage-first heap   total 157696K, used 116342K [0x0000000081e00000, 0x0000000100000000)
  region size 1024K, 80 young (81920K), 8 survivors (8192K)
 Metaspace       used 70847K, capacity 72517K, committed 72748K, reserved 1112064K
  class space    used 8950K, capacity 9580K, committed 9600K, reserved 1048576K
}
Event: 17.171 GC heap after
{Heap after GC invocations=14 (full 0):
 garbage-first heap   total 157696K, used 46767K [0x0000000081e00000, 0x0000000100000000)
  region size 1024K, 9 young (9216K), 9 survivors (9216K)
 Metaspace       used 70847K, capacity 72517K, committed 72748K, reserved 1112064K
  class space    used 8950K, capacity 9580K, committed 9600K, reserved 1048576K
}

Deoptimization events (10 events):
Event: 16.390 Thread 0x000002075c6e3800 Uncommon trap: reason=class_check action=maybe_recompile pc=0x000002074c260ef0 method=java.util.concurrent.ConcurrentHashMap.get(Ljava/lang/Object;)Ljava/lang/Object; @ 93 c2
Event: 16.390 Thread 0x000002075c6e3800 Uncommon trap: reason=class_check action=maybe_recompile pc=0x000002074c260ef0 method=java.util.concurrent.ConcurrentHashMap.get(Ljava/lang/Object;)Ljava/lang/Object; @ 93 c2
Event: 16.917 Thread 0x000002075c6e3800 Uncommon trap: reason=unstable_if action=reinterpret pc=0x000002074c058424 method=java.util.concurrent.ConcurrentHashMap.transfer([Ljava/util/concurrent/ConcurrentHashMap$Node;[Ljava/util/concurrent/ConcurrentHashMap$Node;)V @ 352 c2
Event: 16.918 Thread 0x000002075c6e3800 Uncommon trap: reason=unstable_if action=reinterpret pc=0x000002074c0337d4 method=java.util.concurrent.ConcurrentHashMap.transfer([Ljava/util/concurrent/ConcurrentHashMap$Node;[Ljava/util/concurrent/ConcurrentHashMap$Node;)V @ 352 c2
Event: 16.920 Thread 0x000002075c6e3800 Uncommon trap: reason=unstable_if action=reinterpret pc=0x000002074c037760 method=java.util.concurrent.ConcurrentHashMap.transfer([Ljava/util/concurrent/ConcurrentHashMap$Node;[Ljava/util/concurrent/ConcurrentHashMap$Node;)V @ 352 c2
Event: 17.053 Thread 0x000002075c6e3800 Uncommon trap: reason=class_check action=maybe_recompile pc=0x000002074c2f19f0 method=org.springframework.core.annotation.AnnotatedElementUtils.searchWithGetSemanticsInAnnotations(Ljava/lang/reflect/AnnotatedElement;Ljava/util/List;Ljava/util/Set;Ljava/la
Event: 17.053 Thread 0x000002075c6e3800 Uncommon trap: reason=class_check action=maybe_recompile pc=0x000002074c2f2fb4 method=org.springframework.core.annotation.AnnotatedElementUtils.searchWithGetSemanticsInAnnotations(Ljava/lang/reflect/AnnotatedElement;Ljava/util/List;Ljava/util/Set;Ljava/la
Event: 17.053 Thread 0x000002075c6e3800 Uncommon trap: reason=class_check action=maybe_recompile pc=0x000002074c2f19f0 method=org.springframework.core.annotation.AnnotatedElementUtils.searchWithGetSemanticsInAnnotations(Ljava/lang/reflect/AnnotatedElement;Ljava/util/List;Ljava/util/Set;Ljava/la
Event: 17.053 Thread 0x000002075c6e3800 Uncommon trap: reason=class_check action=maybe_recompile pc=0x000002074c2f2fb4 method=org.springframework.core.annotation.AnnotatedElementUtils.searchWithGetSemanticsInAnnotations(Ljava/lang/reflect/AnnotatedElement;Ljava/util/List;Ljava/util/Set;Ljava/la
Event: 17.191 Thread 0x000002075c6e3800 Uncommon trap: reason=speculate_null_assert action=make_not_entrant pc=0x000002074c06d4ec method=org.springframework.util.ConcurrentReferenceHashMap$Segment.restructureIfNecessary(Z)V @ 33 c2

Classes redefined (0 events):
No events

Internal exceptions (10 events):
Event: 16.827 Thread 0x000002075c6e3800 Exception <a 'java/lang/ClassNotFoundException'{0x00000000880061b0}: org/springframework/context/annotation/ConfigurationClassEnhancer$EnhancedConfigurationCustomizer> (0x00000000880061b0) thrown at [./open/src/hotspot/share/classfile/systemDictionary.cpp
Event: 16.827 Thread 0x000002075c6e3800 Exception <a 'java/lang/ClassNotFoundException'{0x0000000088014658}: org/springframework/beans/factory/BeanFactoryAwareCustomizer> (0x0000000088014658) thrown at [./open/src/hotspot/share/classfile/systemDictionary.cpp, line 226]
Event: 16.828 Thread 0x000002075c6e3800 Exception <a 'java/lang/ClassNotFoundException'{0x00000000880222c8}: org/springframework/beans/factory/AwareCustomizer> (0x00000000880222c8) thrown at [./open/src/hotspot/share/classfile/systemDictionary.cpp, line 226]
Event: 16.838 Thread 0x000002075c6e3800 Exception <a 'java/lang/ClassNotFoundException'{0x0000000088077de0}: java/lang/ObjectCustomizer> (0x0000000088077de0) thrown at [./open/src/hotspot/share/classfile/systemDictionary.cpp, line 226]
Event: 16.839 Thread 0x000002075c6e3800 Exception <a 'java/lang/ClassNotFoundException'{0x000000008808eaa8}: org/springframework/boot/actuate/autoconfigure/metrics/orm/jpa/HibernateMetricsAutoConfigurationCustomizer> (0x000000008808eaa8) thrown at [./open/src/hotspot/share/classfile/systemDicti
Event: 16.839 Thread 0x000002075c6e3800 Exception <a 'java/lang/ClassNotFoundException'{0x00000000880a88f0}: org/springframework/boot/actuate/autoconfigure/metrics/orm/jpa/HibernateMetricsAutoConfiguration$$EnhancerBySpringCGLIB$$e08e7b4bCustomizer> (0x00000000880a88f0) thrown at [./open/src/ho
Event: 16.840 Thread 0x000002075c6e3800 Exception <a 'java/lang/ClassNotFoundException'{0x00000000880c0090}: org/springframework/context/annotation/ConfigurationClassEnhancer$EnhancedConfigurationCustomizer> (0x00000000880c0090) thrown at [./open/src/hotspot/share/classfile/systemDictionary.cpp
Event: 16.840 Thread 0x000002075c6e3800 Exception <a 'java/lang/ClassNotFoundException'{0x00000000880ce538}: org/springframework/beans/factory/BeanFactoryAwareCustomizer> (0x00000000880ce538) thrown at [./open/src/hotspot/share/classfile/systemDictionary.cpp, line 226]
Event: 16.841 Thread 0x000002075c6e3800 Exception <a 'java/lang/ClassNotFoundException'{0x00000000880dc1a8}: org/springframework/beans/factory/AwareCustomizer> (0x00000000880dc1a8) thrown at [./open/src/hotspot/share/classfile/systemDictionary.cpp, line 226]
Event: 17.181 Thread 0x000002075c6e3800 Exception <a 'java/lang/NoSuchMethodError'{0x000000008b75ed58}: java.lang.invoke.DirectMethodHandle$Holder.newInvokeSpecial(Ljava/lang/Object;I)Ljava/lang/Object;> (0x000000008b75ed58) thrown at [./open/src/hotspot/share/interpreter/linkResolver.cpp, line

Events (10 events):
Event: 24.482 loading class org/apache/catalina/webresources/Cache$EvictionOrder
Event: 24.482 loading class org/apache/catalina/webresources/Cache$EvictionOrder done
Event: 24.483 Executing VM operation: RevokeBias
Event: 24.483 Executing VM operation: RevokeBias done
Event: 24.483 loading class org/apache/tomcat/PeriodicEventListener
Event: 24.483 loading class org/apache/tomcat/PeriodicEventListener done
Event: 24.484 Executing VM operation: RevokeBias
Event: 24.484 Executing VM operation: RevokeBias done
Event: 24.484 Executing VM operation: RevokeBias
Event: 24.484 Executing VM operation: RevokeBias done


Dynamic libraries:
0x00007ff6d83c0000 - 0x00007ff6d83cf000 	C:\Program Files\Java\jdk-11.0.16\bin\javaw.exe
0x00007ff801f30000 - 0x00007ff802128000 	C:\WINDOWS\SYSTEM32\ntdll.dll
0x00007ff800350000 - 0x00007ff800412000 	C:\WINDOWS\System32\KERNEL32.DLL
0x00007fffff680000 - 0x00007fffff97e000 	C:\WINDOWS\System32\KERNELBASE.dll
0x00007fffffe30000 - 0x00007ffffff30000 	C:\WINDOWS\System32\ucrtbase.dll
0x00007fffd9c00000 - 0x00007fffd9c18000 	C:\Program Files\Java\jdk-11.0.16\bin\jli.dll
0x00007ffffff30000 - 0x00007ffffffe2000 	C:\WINDOWS\System32\ADVAPI32.dll
0x00007ff800190000 - 0x00007ff80022e000 	C:\WINDOWS\System32\msvcrt.dll
0x00007ff800610000 - 0x00007ff8006b0000 	C:\WINDOWS\System32\sechost.dll
0x00007ff8004e0000 - 0x00007ff800603000 	C:\WINDOWS\System32\RPCRT4.dll
0x00007fffd9be0000 - 0x00007fffd9bf5000 	C:\Program Files\Java\jdk-11.0.16\bin\VCRUNTIME140.dll
0x00007fffff650000 - 0x00007fffff677000 	C:\WINDOWS\System32\bcrypt.dll
0x00007ff8011d0000 - 0x00007ff80136d000 	C:\WINDOWS\System32\USER32.dll
0x00007fffff620000 - 0x00007fffff642000 	C:\WINDOWS\System32\win32u.dll
0x00007ff8013f0000 - 0x00007ff80141b000 	C:\WINDOWS\System32\GDI32.dll
0x00007fffffc80000 - 0x00007fffffd97000 	C:\WINDOWS\System32\gdi32full.dll
0x00007fffffb30000 - 0x00007fffffbcd000 	C:\WINDOWS\System32\msvcp_win.dll
0x00007fffe54b0000 - 0x00007fffe574a000 	C:\WINDOWS\WinSxS\amd64_microsoft.windows.common-controls_6595b64144ccf1df_6.0.19041.4355_none_60b8b9eb71f62e16\COMCTL32.dll
0x00007ffff8fb0000 - 0x00007ffff8fba000 	C:\WINDOWS\SYSTEM32\VERSION.dll
0x00007ff800450000 - 0x00007ff80047f000 	C:\WINDOWS\System32\IMM32.DLL
0x00007fffd99a0000 - 0x00007fffd9a3b000 	C:\Program Files\Java\jdk-11.0.16\bin\msvcp140.dll
0x00007fffd8e40000 - 0x00007fffd9958000 	C:\Program Files\Java\jdk-11.0.16\bin\server\jvm.dll
0x00007ff801e30000 - 0x00007ff801e38000 	C:\WINDOWS\System32\PSAPI.DLL
0x00007fffd9bd0000 - 0x00007fffd9bd9000 	C:\WINDOWS\SYSTEM32\WSOCK32.dll
0x00007ff800230000 - 0x00007ff80029b000 	C:\WINDOWS\System32\WS2_32.dll
0x00007fffe7660000 - 0x00007fffe7687000 	C:\WINDOWS\SYSTEM32\WINMM.dll
0x00007ffffddd0000 - 0x00007ffffdde2000 	C:\WINDOWS\SYSTEM32\kernel.appcore.dll
0x00007fffd9990000 - 0x00007fffd99a0000 	C:\Program Files\Java\jdk-11.0.16\bin\verify.dll
0x00007ffffd2e0000 - 0x00007ffffd4c4000 	C:\WINDOWS\SYSTEM32\DBGHELP.DLL
0x00007fffe6010000 - 0x00007fffe6044000 	C:\WINDOWS\SYSTEM32\dbgcore.DLL
0x00007fffffda0000 - 0x00007fffffe22000 	C:\WINDOWS\System32\bcryptPrimitives.dll
0x00007fffd8d20000 - 0x00007fffd8d48000 	C:\Program Files\Java\jdk-11.0.16\bin\java.dll
0x00007fffd9980000 - 0x00007fffd998a000 	C:\Program Files\Java\jdk-11.0.16\bin\jimage.dll
0x00007fffd8d00000 - 0x00007fffd8d16000 	C:\Program Files\Java\jdk-11.0.16\bin\zip.dll
0x00007ff801420000 - 0x00007ff801b8f000 	C:\WINDOWS\System32\SHELL32.dll
0x00007ffffd5e0000 - 0x00007ffffdd84000 	C:\WINDOWS\SYSTEM32\windows.storage.dll
0x00007ff8009a0000 - 0x00007ff800cf3000 	C:\WINDOWS\System32\combase.dll
0x00007ffffee40000 - 0x00007ffffee6e000 	C:\WINDOWS\SYSTEM32\Wldp.dll
0x00007ff8006b0000 - 0x00007ff80077d000 	C:\WINDOWS\System32\OLEAUT32.dll
0x00007ff801e40000 - 0x00007ff801eed000 	C:\WINDOWS\System32\SHCORE.dll
0x00007ff800480000 - 0x00007ff8004d5000 	C:\WINDOWS\System32\shlwapi.dll
0x00007fffff4f0000 - 0x00007fffff514000 	C:\WINDOWS\SYSTEM32\profapi.dll
0x00007fffe6a50000 - 0x00007fffe6a69000 	C:\Program Files\Java\jdk-11.0.16\bin\net.dll
0x00007ffff82d0000 - 0x00007ffff83dd000 	C:\WINDOWS\SYSTEM32\WINHTTP.dll
0x00007ffffec20000 - 0x00007ffffec8a000 	C:\WINDOWS\system32\mswsock.dll
0x00007fffe6a30000 - 0x00007fffe6a42000 	C:\Program Files\Java\jdk-11.0.16\bin\nio.dll
0x00007fffc3c00000 - 0x00007fffc3c09000 	C:\Program Files\Java\jdk-11.0.16\bin\management.dll
0x00007fffbf560000 - 0x00007fffbf56b000 	C:\Program Files\Java\jdk-11.0.16\bin\management_ext.dll
0x00007fffd8b70000 - 0x00007fffd8b87000 	C:\WINDOWS\system32\napinsp.dll
0x00007fffd8b30000 - 0x00007fffd8b4b000 	C:\WINDOWS\system32\pnrpnsp.dll
0x00007fffd8b10000 - 0x00007fffd8b25000 	C:\WINDOWS\system32\wshbth.dll
0x00007ffffb8d0000 - 0x00007ffffb8ed000 	C:\WINDOWS\system32\NLAapi.dll
0x00007ffffe920000 - 0x00007ffffe95b000 	C:\WINDOWS\SYSTEM32\IPHLPAPI.DLL
0x00007ffffe960000 - 0x00007ffffea2a000 	C:\WINDOWS\SYSTEM32\DNSAPI.dll
0x00007ff800420000 - 0x00007ff800428000 	C:\WINDOWS\System32\NSI.dll
0x00007fffea670000 - 0x00007fffea682000 	C:\WINDOWS\System32\winrnr.dll
0x00007fffe3fb0000 - 0x00007fffe3fba000 	C:\Windows\System32\rasadhlp.dll
0x00007ffff5b00000 - 0x00007ffff5b80000 	C:\WINDOWS\System32\fwpuclnt.dll
0x00007ffffee80000 - 0x00007ffffee98000 	C:\WINDOWS\SYSTEM32\CRYPTSP.dll
0x00007ffffe560000 - 0x00007ffffe594000 	C:\WINDOWS\system32\rsaenh.dll
0x00007fffff470000 - 0x00007fffff49e000 	C:\WINDOWS\SYSTEM32\USERENV.dll
0x00007ffffedb0000 - 0x00007ffffedbc000 	C:\WINDOWS\SYSTEM32\CRYPTBASE.dll
0x00007ffff8fe0000 - 0x00007ffff8ff7000 	C:\WINDOWS\SYSTEM32\dhcpcsvc6.DLL
0x00007ffff93f0000 - 0x00007ffff940d000 	C:\WINDOWS\SYSTEM32\dhcpcsvc.DLL

dbghelp: loaded successfully - version: 4.0.5 - missing functions: none
symbol engine: initialized successfully - sym options: 0x614 - pdb path: .;C:\Program Files\Java\jdk-11.0.16\bin;C:\WINDOWS\SYSTEM32;C:\WINDOWS\WinSxS\amd64_microsoft.windows.common-controls_6595b64144ccf1df_6.0.19041.4355_none_60b8b9eb71f62e16;C:\Program Files\Java\jdk-11.0.16\bin\server

VM Arguments:
jvm_args: -Dfile.encoding=UTF-8 
java_command: com.rays.ProjectOrsApplication
java_class_path (initial): E:\ORSProject-10-Workspace\Project_10\target\classes;C:\Users\admin\.m2\repository\org\springframework\boot\spring-boot-starter-actuator\2.1.2.RELEASE\spring-boot-starter-actuator-2.1.2.RELEASE.jar;C:\Users\admin\.m2\repository\org\springframework\boot\spring-boot-starter\2.1.2.RELEASE\spring-boot-starter-2.1.2.RELEASE.jar;C:\Users\admin\.m2\repository\org\springframework\boot\spring-boot-starter-logging\2.1.2.RELEASE\spring-boot-starter-logging-2.1.2.RELEASE.jar;C:\Users\admin\.m2\repository\ch\qos\logback\logback-classic\1.2.3\logback-classic-1.2.3.jar;C:\Users\admin\.m2\repository\ch\qos\logback\logback-core\1.2.3\logback-core-1.2.3.jar;C:\Users\admin\.m2\repository\org\apache\logging\log4j\log4j-to-slf4j\2.11.1\log4j-to-slf4j-2.11.1.jar;C:\Users\admin\.m2\repository\org\apache\logging\log4j\log4j-api\2.11.1\log4j-api-2.11.1.jar;C:\Users\admin\.m2\repository\org\slf4j\jul-to-slf4j\1.7.25\jul-to-slf4j-1.7.25.jar;C:\Users\admin\.m2\repository\javax\annotation\javax.annotation-api\1.3.2\javax.annotation-api-1.3.2.jar;C:\Users\admin\.m2\repository\org\yaml\snakeyaml\1.23\snakeyaml-1.23.jar;C:\Users\admin\.m2\repository\org\springframework\boot\spring-boot-actuator-autoconfigure\2.1.2.RELEASE\spring-boot-actuator-autoconfigure-2.1.2.RELEASE.jar;C:\Users\admin\.m2\repository\org\springframework\boot\spring-boot-actuator\2.1.2.RELEASE\spring-boot-actuator-2.1.2.RELEASE.jar;C:\Users\admin\.m2\repository\org\springframework\spring-context\5.1.4.RELEASE\spring-context-5.1.4.RELEASE.jar;C:\Users\admin\.m2\repository\com\fasterxml\jackson\datatype\jackson-datatype-jsr310\2.9.8\jackson-datatype-jsr310-2.9.8.jar;C:\Users\admin\.m2\repository\io\micrometer\micrometer-core\1.1.2\micrometer-core-1.1.2.jar;C:\Users\admin\.m2\repository\org\hdrhistogram\HdrHistogram\2.1.9\HdrHistogram-2.1.9.jar;C:\Users\admin\.m2\repository\org\latencyutils\LatencyUtils\2.0.3\LatencyUtils-2.0.3.jar;C:\Users\admin\.m2\repository\org\springframework\boot\spring-boot-devto
Launcher Type: SUN_STANDARD

[Global flags]
     intx CICompilerCount                          = 4                                         {product} {ergonomic}
     uint ConcGCThreads                            = 2                                         {product} {ergonomic}
     uint G1ConcRefinementThreads                  = 8                                         {product} {ergonomic}
   size_t G1HeapRegionSize                         = 1048576                                   {product} {ergonomic}
    uintx GCDrainStackTargetSize                   = 64                                        {product} {ergonomic}
   size_t InitialHeapSize                          = 134217728                                 {product} {ergonomic}
   size_t MarkStackSize                            = 4194304                                   {product} {ergonomic}
   size_t MaxHeapSize                              = 2116026368                                {product} {ergonomic}
   size_t MaxNewSize                               = 1268776960                                {product} {ergonomic}
   size_t MinHeapDeltaBytes                        = 1048576                                   {product} {ergonomic}
    uintx NonNMethodCodeHeapSize                   = 5836300                                {pd product} {ergonomic}
    uintx NonProfiledCodeHeapSize                  = 122910970                              {pd product} {ergonomic}
    uintx ProfiledCodeHeapSize                     = 122910970                              {pd product} {ergonomic}
    uintx ReservedCodeCacheSize                    = 251658240                              {pd product} {ergonomic}
     bool SegmentedCodeCache                       = true                                      {product} {ergonomic}
     bool UseCompressedClassPointers               = true                                 {lp64_product} {ergonomic}
     bool UseCompressedOops                        = true                                 {lp64_product} {ergonomic}
     bool UseG1GC                                  = true                                      {product} {ergonomic}
     bool UseLargePagesIndividualAllocation        = false                                  {pd product} {ergonomic}

Logging:
Log output configuration:
 #0: stdout all=warning uptime,level,tags
 #1: stderr all=off uptime,level,tags

Environment Variables:
JAVA_HOME=C:\Program Files\Java\jdk-11.0.16
PATH=C:\Program Files\Java\jdk-11.0.16\bin;C:\Program Files\nodejs\;C:\Windows\System32;C:\Program Files\Git\cmd;C:\Program Files\MySQL\MySQL Shell 8.0\bin\;C:\Users\admin\AppData\Local\Microsoft\WindowsApps;C:\Users\admin\AppData\Local\Programs\Microsoft VS Code\bin;C:\Program Files\Docker\Docker\resources\bin;C:\Users\admin\AppData\Roaming\npm;C:\Program Files\nodejs;
USERNAME=admin
OS=Windows_NT
PROCESSOR_IDENTIFIER=Intel64 Family 6 Model 142 Stepping 12, GenuineIntel



---------------  S Y S T E M  ---------------

OS: Windows 10 , 64 bit Build 19041 (10.0.19041.4957)
Hyper-V role detected

CPU:total 8 (initial active 8) (4 cores per cpu, 2 threads per core) family 6 model 142 stepping 12 microcode 0xf0, cmov, cx8, fxsr, mmx, sse, sse2, sse3, ssse3, sse4.1, sse4.2, popcnt, avx, avx2, aes, clmul, erms, 3dnowpref, lzcnt, ht, tsc, tscinvbit, bmi1, bmi2, adx, fma

Memory: 4k page, system-wide physical 8071M (483M free)
TotalPageFile size 11120M (AvailPageFile size 4M)
current process WorkingSet (physical memory assigned to process): 313M, peak: 357M
current process commit charge ("private bytes"): 365M, peak: 409M

vm_info: Java HotSpot(TM) 64-Bit Server VM (11.0.16+11-LTS-199) for windows-amd64 JRE (11.0.16+11-LTS-199), built on Jun 28 2022 08:23:17 by "mach5one" with MS VC++ 15.9 (VS2017)

END.
